type octile
height 140
width 500
map
@@@@....@@@....@@@....@@@....@@@....@@@....@@@....@@@....@@@....@@@....@@@....@@@....@@@....@@@....@@@....@@@....@@@....@@@....@@@....@@@....@@@....@@@....@@@....@@@....@@@....@@@....@@@....@@@....@@@....@@@....@@@....@@@....@@@....@@@....@@@....@@@....@@@....@@@....@@@....@@@....@@@....@@@....@@@....@@@....@@@....@@@....@@@....@@@....@@@....@@@....@@@....@@@....@@@....@@@....@@@....@@@....@@@....@@@....@@@....@@@....@@@....@@@....@@@....@@@....@@@....@@@....@@@....@@@....@@@....@@@....@@@..@@@@
@@@@...E@@@E..E@@@E..E@@@E..E@@@E..E@@@E..E@@@E..E@@@E..E@@@E..E@@@E..E@@@E..E@@@E..E@@@E..E@@@E..E@@@E..E@@@E..E@@@E..E@@@E..E@@@E..E@@@E..E@@@E..E@@@E..E@@@E..E@@@E..E@@@E..E@@@E..E@@@E..E@@@E..E@@@E..E@@@E..E@@@E..E@@@E..E@@@E..E@@@E..E@@@E..E@@@E..E@@@E..E@@@E..E@@@E..E@@@E..E@@@E..E@@@E..E@@@E..E@@@E..E@@@E..E@@@E..E@@@E..E@@@E..E@@@E..E@@@E..E@@@E..E@@@E..E@@@E..E@@@E..E@@@E..E@@@E..E@@@E..E@@@E..E@@@E..E@@@E..E@@@E..E@@@E..E@@@E..E@@@E..E@@@E..E@@@E..E@@@E..E@@@E..E@@@E..E@@@E..E@@@E.@@@@
@@@@....@@@....@@@....@@@....@@@....@@@....@@@....@@@....@@@....@@@....@@@....@@@....@@@....@@@....@@@....@@@....@@@....@@@....@@@....@@@....@@@....@@@....@@@....@@@....@@@....@@@....@@@....@@@....@@@....@@@....@@@....@@@....@@@....@@@....@@@....@@@....@@@....@@@....@@@....@@@....@@@....@@@....@@@....@@@....@@@....@@@....@@@....@@@....@@@....@@@....@@@....@@@....@@@....@@@....@@@....@@@....@@@....@@@....@@@....@@@....@@@....@@@....@@@....@@@....@@@....@@@....@@@....@@@....@@@....@@@....@@@..@@@@
@@@@............................................................................................................................................................................................................................................................................................................................................................................................................................................................................................................@@@@
....................................................................................................................................................................................................................................................................................................................................................................................................................................................................................................................
.E..................................................................................................................................................................................................................................................................................................................................................................................................................................................................................................................
@@@.................................................................................................................................................................................................................................................................................................................................................................................................................................................................................................................
@@@.....SSS.SSS.SSS.SSS.SSS.SSS.SSS.SSS.SSS.SSS.SSS.SSS.SSS.SSS.SSS.SSS.SSS.SSS.SSS.SSS.SSS.SSS.SSS.SSS.SSS.SSS.SSS.SSS.SSS.SSS.SSS.SSS.SSS.SSS.SSS.SSS.SSS.SSS.SSS.SSS.SSS.SSS.SSS.SSS.SSS.SSS.SSS.SSS.SSS.SSS.SSS.SSS.SSS.SSS.SSS.SSS.SSS.SSS.SSS.SSS.SSS.SSS.SSS.SSS.SSS.SSS.SSS.SSS.SSS.SSS.SSS.SSS.SSS.SSS.SSS.SSS.SSS.SSS.SSS.SSS.SSS.SSS.SSS.SSS.SSS.SSS.SSS.SSS.SSS.SSS.SSS.SSS.SSS.SSS.SSS.SSS.SSS.SSS.SSS.SSS.SSS.SSS.SSS.SSS.SSS.SSS.SSS.SSS.SSS.SSS.SSS.SSS.SSS.SSS.SSS.SSS.SSS.SSS.SSS.SSS.SSS.........
@@@....S@@@S@@@S@@@S@@@S@@@S@@@S@@@S@@@S@@@S@@@S@@@S@@@S@@@S@@@S@@@S@@@S@@@S@@@S@@@S@@@S@@@S@@@S@@@S@@@S@@@S@@@S@@@S@@@S@@@S@@@S@@@S@@@S@@@S@@@S@@@S@@@S@@@S@@@S@@@S@@@S@@@S@@@S@@@S@@@S@@@S@@@S@@@S@@@S@@@S@@@S@@@S@@@S@@@S@@@S@@@S@@@S@@@S@@@S@@@S@@@S@@@S@@@S@@@S@@@S@@@S@@@S@@@S@@@S@@@S@@@S@@@S@@@S@@@S@@@S@@@S@@@S@@@S@@@S@@@S@@@S@@@S@@@S@@@S@@@S@@@S@@@S@@@S@@@S@@@S@@@S@@@S@@@S@@@S@@@S@@@S@@@S@@@S@@@S@@@S@@@S@@@S@@@S@@@S@@@S@@@S@@@S@@@S@@@S@@@S@@@S@@@S@@@S@@@S@@@S@@@S@@@S@@@S@@@S@@@S@@@S@@@S........
.E.....S@@@S@@@S@@@S@@@S@@@S@@@S@@@S@@@S@@@S@@@S@@@S@@@S@@@S@@@S@@@S@@@S@@@S@@@S@@@S@@@S@@@S@@@S@@@S@@@S@@@S@@@S@@@S@@@S@@@S@@@S@@@S@@@S@@@S@@@S@@@S@@@S@@@S@@@S@@@S@@@S@@@S@@@S@@@S@@@S@@@S@@@S@@@S@@@S@@@S@@@S@@@S@@@S@@@S@@@S@@@S@@@S@@@S@@@S@@@S@@@S@@@S@@@S@@@S@@@S@@@S@@@S@@@S@@@S@@@S@@@S@@@S@@@S@@@S@@@S@@@S@@@S@@@S@@@S@@@S@@@S@@@S@@@S@@@S@@@S@@@S@@@S@@@S@@@S@@@S@@@S@@@S@@@S@@@S@@@S@@@S@@@S@@@S@@@S@@@S@@@S@@@S@@@S@@@S@@@S@@@S@@@S@@@S@@@S@@@S@@@S@@@S@@@S@@@S@@@S@@@S@@@S@@@S@@@S@@@S@@@S@@@S........
........SSS.SSS.SSS.SSS.SSS.SSS.SSS.SSS.SSS.SSS.SSS.SSS.SSS.SSS.SSS.SSS.SSS.SSS.SSS.SSS.SSS.SSS.SSS.SSS.SSS.SSS.SSS.SSS.SSS.SSS.SSS.SSS.SSS.SSS.SSS.SSS.SSS.SSS.SSS.SSS.SSS.SSS.SSS.SSS.SSS.SSS.SSS.SSS.SSS.SSS.SSS.SSS.SSS.SSS.SSS.SSS.SSS.SSS.SSS.SSS.SSS.SSS.SSS.SSS.SSS.SSS.SSS.SSS.SSS.SSS.SSS.SSS.SSS.SSS.SSS.SSS.SSS.SSS.SSS.SSS.SSS.SSS.SSS.SSS.SSS.SSS.SSS.SSS.SSS.SSS.SSS.SSS.SSS.SSS.SSS.SSS.SSS.SSS.SSS.SSS.SSS.SSS.SSS.SSS.SSS.SSS.SSS.SSS.SSS.SSS.SSS.SSS.SSS.SSS.SSS.SSS.SSS.SSS.SSS.SSS.SSS.........
.......S@@@S@@@S@@@S@@@S@@@S@@@S@@@S@@@S@@@S@@@S@@@S@@@S@@@S@@@S@@@S@@@S@@@S@@@S@@@S@@@S@@@S@@@S@@@S@@@S@@@S@@@S@@@S@@@S@@@S@@@S@@@S@@@S@@@S@@@S@@@S@@@S@@@S@@@S@@@S@@@S@@@S@@@S@@@S@@@S@@@S@@@S@@@S@@@S@@@S@@@S@@@S@@@S@@@S@@@S@@@S@@@S@@@S@@@S@@@S@@@S@@@S@@@S@@@S@@@S@@@S@@@S@@@S@@@S@@@S@@@S@@@S@@@S@@@S@@@S@@@S@@@S@@@S@@@S@@@S@@@S@@@S@@@S@@@S@@@S@@@S@@@S@@@S@@@S@@@S@@@S@@@S@@@S@@@S@@@S@@@S@@@S@@@S@@@S@@@S@@@S@@@S@@@S@@@S@@@S@@@S@@@S@@@S@@@S@@@S@@@S@@@S@@@S@@@S@@@S@@@S@@@S@@@S@@@S@@@S@@@S@@@S......E.
.E.....S@@@S@@@S@@@S@@@S@@@S@@@S@@@S@@@S@@@S@@@S@@@S@@@S@@@S@@@S@@@S@@@S@@@S@@@S@@@S@@@S@@@S@@@S@@@S@@@S@@@S@@@S@@@S@@@S@@@S@@@S@@@S@@@S@@@S@@@S@@@S@@@S@@@S@@@S@@@S@@@S@@@S@@@S@@@S@@@S@@@S@@@S@@@S@@@S@@@S@@@S@@@S@@@S@@@S@@@S@@@S@@@S@@@S@@@S@@@S@@@S@@@S@@@S@@@S@@@S@@@S@@@S@@@S@@@S@@@S@@@S@@@S@@@S@@@S@@@S@@@S@@@S@@@S@@@S@@@S@@@S@@@S@@@S@@@S@@@S@@@S@@@S@@@S@@@S@@@S@@@S@@@S@@@S@@@S@@@S@@@S@@@S@@@S@@@S@@@S@@@S@@@S@@@S@@@S@@@S@@@S@@@S@@@S@@@S@@@S@@@S@@@S@@@S@@@S@@@S@@@S@@@S@@@S@@@S@@@S@@@S@@@S.....@@@
@@@.....SSS.SSS.SSS.SSS.SSS.SSS.SSS.SSS.SSS.SSS.SSS.SSS.SSS.SSS.SSS.SSS.SSS.SSS.SSS.SSS.SSS.SSS.SSS.SSS.SSS.SSS.SSS.SSS.SSS.SSS.SSS.SSS.SSS.SSS.SSS.SSS.SSS.SSS.SSS.SSS.SSS.SSS.SSS.SSS.SSS.SSS.SSS.SSS.SSS.SSS.SSS.SSS.SSS.SSS.SSS.SSS.SSS.SSS.SSS.SSS.SSS.SSS.SSS.SSS.SSS.SSS.SSS.SSS.SSS.SSS.SSS.SSS.SSS.SSS.SSS.SSS.SSS.SSS.SSS.SSS.SSS.SSS.SSS.SSS.SSS.SSS.SSS.SSS.SSS.SSS.SSS.SSS.SSS.SSS.SSS.SSS.SSS.SSS.SSS.SSS.SSS.SSS.SSS.SSS.SSS.SSS.SSS.SSS.SSS.SSS.SSS.SSS.SSS.SSS.SSS.SSS.SSS.SSS.SSS.SSS.SSS......@@@
@@@....S@@@S@@@S@@@S@@@S@@@S@@@S@@@S@@@S@@@S@@@S@@@S@@@S@@@S@@@S@@@S@@@S@@@S@@@S@@@S@@@S@@@S@@@S@@@S@@@S@@@S@@@S@@@S@@@S@@@S@@@S@@@S@@@S@@@S@@@S@@@S@@@S@@@S@@@S@@@S@@@S@@@S@@@S@@@S@@@S@@@S@@@S@@@S@@@S@@@S@@@S@@@S@@@S@@@S@@@S@@@S@@@S@@@S@@@S@@@S@@@S@@@S@@@S@@@S@@@S@@@S@@@S@@@S@@@S@@@S@@@S@@@S@@@S@@@S@@@S@@@S@@@S@@@S@@@S@@@S@@@S@@@S@@@S@@@S@@@S@@@S@@@S@@@S@@@S@@@S@@@S@@@S@@@S@@@S@@@S@@@S@@@S@@@S@@@S@@@S@@@S@@@S@@@S@@@S@@@S@@@S@@@S@@@S@@@S@@@S@@@S@@@S@@@S@@@S@@@S@@@S@@@S@@@S@@@S@@@S@@@S@@@S.....@@@
@@@....S@@@S@@@S@@@S@@@S@@@S@@@S@@@S@@@S@@@S@@@S@@@S@@@S@@@S@@@S@@@S@@@S@@@S@@@S@@@S@@@S@@@S@@@S@@@S@@@S@@@S@@@S@@@S@@@S@@@S@@@S@@@S@@@S@@@S@@@S@@@S@@@S@@@S@@@S@@@S@@@S@@@S@@@S@@@S@@@S@@@S@@@S@@@S@@@S@@@S@@@S@@@S@@@S@@@S@@@S@@@S@@@S@@@S@@@S@@@S@@@S@@@S@@@S@@@S@@@S@@@S@@@S@@@S@@@S@@@S@@@S@@@S@@@S@@@S@@@S@@@S@@@S@@@S@@@S@@@S@@@S@@@S@@@S@@@S@@@S@@@S@@@S@@@S@@@S@@@S@@@S@@@S@@@S@@@S@@@S@@@S@@@S@@@S@@@S@@@S@@@S@@@S@@@S@@@S@@@S@@@S@@@S@@@S@@@S@@@S@@@S@@@S@@@S@@@S@@@S@@@S@@@S@@@S@@@S@@@S@@@S@@@S......E.
.E......SSS.SSS.SSS.SSS.SSS.SSS.SSS.SSS.SSS.SSS.SSS.SSS.SSS.SSS.SSS.SSS.SSS.SSS.SSS.SSS.SSS.SSS.SSS.SSS.SSS.SSS.SSS.SSS.SSS.SSS.SSS.SSS.SSS.SSS.SSS.SSS.SSS.SSS.SSS.SSS.SSS.SSS.SSS.SSS.SSS.SSS.SSS.SSS.SSS.SSS.SSS.SSS.SSS.SSS.SSS.SSS.SSS.SSS.SSS.SSS.SSS.SSS.SSS.SSS.SSS.SSS.SSS.SSS.SSS.SSS.SSS.SSS.SSS.SSS.SSS.SSS.SSS.SSS.SSS.SSS.SSS.SSS.SSS.SSS.SSS.SSS.SSS.SSS.SSS.SSS.SSS.SSS.SSS.SSS.SSS.SSS.SSS.SSS.SSS.SSS.SSS.SSS.SSS.SSS.SSS.SSS.SSS.SSS.SSS.SSS.SSS.SSS.SSS.SSS.SSS.SSS.SSS.SSS.SSS.SSS.SSS.........
.......S@@@S@@@S@@@S@@@S@@@S@@@S@@@S@@@S@@@S@@@S@@@S@@@S@@@S@@@S@@@S@@@S@@@S@@@S@@@S@@@S@@@S@@@S@@@S@@@S@@@S@@@S@@@S@@@S@@@S@@@S@@@S@@@S@@@S@@@S@@@S@@@S@@@S@@@S@@@S@@@S@@@S@@@S@@@S@@@S@@@S@@@S@@@S@@@S@@@S@@@S@@@S@@@S@@@S@@@S@@@S@@@S@@@S@@@S@@@S@@@S@@@S@@@S@@@S@@@S@@@S@@@S@@@S@@@S@@@S@@@S@@@S@@@S@@@S@@@S@@@S@@@S@@@S@@@S@@@S@@@S@@@S@@@S@@@S@@@S@@@S@@@S@@@S@@@S@@@S@@@S@@@S@@@S@@@S@@@S@@@S@@@S@@@S@@@S@@@S@@@S@@@S@@@S@@@S@@@S@@@S@@@S@@@S@@@S@@@S@@@S@@@S@@@S@@@S@@@S@@@S@@@S@@@S@@@S@@@S@@@S@@@S........
.......S@@@S@@@S@@@S@@@S@@@S@@@S@@@S@@@S@@@S@@@S@@@S@@@S@@@S@@@S@@@S@@@S@@@S@@@S@@@S@@@S@@@S@@@S@@@S@@@S@@@S@@@S@@@S@@@S@@@S@@@S@@@S@@@S@@@S@@@S@@@S@@@S@@@S@@@S@@@S@@@S@@@S@@@S@@@S@@@S@@@S@@@S@@@S@@@S@@@S@@@S@@@S@@@S@@@S@@@S@@@S@@@S@@@S@@@S@@@S@@@S@@@S@@@S@@@S@@@S@@@S@@@S@@@S@@@S@@@S@@@S@@@S@@@S@@@S@@@S@@@S@@@S@@@S@@@S@@@S@@@S@@@S@@@S@@@S@@@S@@@S@@@S@@@S@@@S@@@S@@@S@@@S@@@S@@@S@@@S@@@S@@@S@@@S@@@S@@@S@@@S@@@S@@@S@@@S@@@S@@@S@@@S@@@S@@@S@@@S@@@S@@@S@@@S@@@S@@@S@@@S@@@S@@@S@@@S@@@S@@@S@@@S......E.
.E......SSS.SSS.SSS.SSS.SSS.SSS.SSS.SSS.SSS.SSS.SSS.SSS.SSS.SSS.SSS.SSS.SSS.SSS.SSS.SSS.SSS.SSS.SSS.SSS.SSS.SSS.SSS.SSS.SSS.SSS.SSS.SSS.SSS.SSS.SSS.SSS.SSS.SSS.SSS.SSS.SSS.SSS.SSS.SSS.SSS.SSS.SSS.SSS.SSS.SSS.SSS.SSS.SSS.SSS.SSS.SSS.SSS.SSS.SSS.SSS.SSS.SSS.SSS.SSS.SSS.SSS.SSS.SSS.SSS.SSS.SSS.SSS.SSS.SSS.SSS.SSS.SSS.SSS.SSS.SSS.SSS.SSS.SSS.SSS.SSS.SSS.SSS.SSS.SSS.SSS.SSS.SSS.SSS.SSS.SSS.SSS.SSS.SSS.SSS.SSS.SSS.SSS.SSS.SSS.SSS.SSS.SSS.SSS.SSS.SSS.SSS.SSS.SSS.SSS.SSS.SSS.SSS.SSS.SSS.SSS.SSS......@@@
@@@....S@@@S@@@S@@@S@@@S@@@S@@@S@@@S@@@S@@@S@@@S@@@S@@@S@@@S@@@S@@@S@@@S@@@S@@@S@@@S@@@S@@@S@@@S@@@S@@@S@@@S@@@S@@@S@@@S@@@S@@@S@@@S@@@S@@@S@@@S@@@S@@@S@@@S@@@S@@@S@@@S@@@S@@@S@@@S@@@S@@@S@@@S@@@S@@@S@@@S@@@S@@@S@@@S@@@S@@@S@@@S@@@S@@@S@@@S@@@S@@@S@@@S@@@S@@@S@@@S@@@S@@@S@@@S@@@S@@@S@@@S@@@S@@@S@@@S@@@S@@@S@@@S@@@S@@@S@@@S@@@S@@@S@@@S@@@S@@@S@@@S@@@S@@@S@@@S@@@S@@@S@@@S@@@S@@@S@@@S@@@S@@@S@@@S@@@S@@@S@@@S@@@S@@@S@@@S@@@S@@@S@@@S@@@S@@@S@@@S@@@S@@@S@@@S@@@S@@@S@@@S@@@S@@@S@@@S@@@S@@@S@@@S.....@@@
@@@....S@@@S@@@S@@@S@@@S@@@S@@@S@@@S@@@S@@@S@@@S@@@S@@@S@@@S@@@S@@@S@@@S@@@S@@@S@@@S@@@S@@@S@@@S@@@S@@@S@@@S@@@S@@@S@@@S@@@S@@@S@@@S@@@S@@@S@@@S@@@S@@@S@@@S@@@S@@@S@@@S@@@S@@@S@@@S@@@S@@@S@@@S@@@S@@@S@@@S@@@S@@@S@@@S@@@S@@@S@@@S@@@S@@@S@@@S@@@S@@@S@@@S@@@S@@@S@@@S@@@S@@@S@@@S@@@S@@@S@@@S@@@S@@@S@@@S@@@S@@@S@@@S@@@S@@@S@@@S@@@S@@@S@@@S@@@S@@@S@@@S@@@S@@@S@@@S@@@S@@@S@@@S@@@S@@@S@@@S@@@S@@@S@@@S@@@S@@@S@@@S@@@S@@@S@@@S@@@S@@@S@@@S@@@S@@@S@@@S@@@S@@@S@@@S@@@S@@@S@@@S@@@S@@@S@@@S@@@S@@@S@@@S.....@@@
@@@.....SSS.SSS.SSS.SSS.SSS.SSS.SSS.SSS.SSS.SSS.SSS.SSS.SSS.SSS.SSS.SSS.SSS.SSS.SSS.SSS.SSS.SSS.SSS.SSS.SSS.SSS.SSS.SSS.SSS.SSS.SSS.SSS.SSS.SSS.SSS.SSS.SSS.SSS.SSS.SSS.SSS.SSS.SSS.SSS.SSS.SSS.SSS.SSS.SSS.SSS.SSS.SSS.SSS.SSS.SSS.SSS.SSS.SSS.SSS.SSS.SSS.SSS.SSS.SSS.SSS.SSS.SSS.SSS.SSS.SSS.SSS.SSS.SSS.SSS.SSS.SSS.SSS.SSS.SSS.SSS.SSS.SSS.SSS.SSS.SSS.SSS.SSS.SSS.SSS.SSS.SSS.SSS.SSS.SSS.SSS.SSS.SSS.SSS.SSS.SSS.SSS.SSS.SSS.SSS.SSS.SSS.SSS.SSS.SSS.SSS.SSS.SSS.SSS.SSS.SSS.SSS.SSS.SSS.SSS.SSS.SSS.......E.
.E.....S@@@S@@@S@@@S@@@S@@@S@@@S@@@S@@@S@@@S@@@S@@@S@@@S@@@S@@@S@@@S@@@S@@@S@@@S@@@S@@@S@@@S@@@S@@@S@@@S@@@S@@@S@@@S@@@S@@@S@@@S@@@S@@@S@@@S@@@S@@@S@@@S@@@S@@@S@@@S@@@S@@@S@@@S@@@S@@@S@@@S@@@S@@@S@@@S@@@S@@@S@@@S@@@S@@@S@@@S@@@S@@@S@@@S@@@S@@@S@@@S@@@S@@@S@@@S@@@S@@@S@@@S@@@S@@@S@@@S@@@S@@@S@@@S@@@S@@@S@@@S@@@S@@@S@@@S@@@S@@@S@@@S@@@S@@@S@@@S@@@S@@@S@@@S@@@S@@@S@@@S@@@S@@@S@@@S@@@S@@@S@@@S@@@S@@@S@@@S@@@S@@@S@@@S@@@S@@@S@@@S@@@S@@@S@@@S@@@S@@@S@@@S@@@S@@@S@@@S@@@S@@@S@@@S@@@S@@@S@@@S@@@S........
.......S@@@S@@@S@@@S@@@S@@@S@@@S@@@S@@@S@@@S@@@S@@@S@@@S@@@S@@@S@@@S@@@S@@@S@@@S@@@S@@@S@@@S@@@S@@@S@@@S@@@S@@@S@@@S@@@S@@@S@@@S@@@S@@@S@@@S@@@S@@@S@@@S@@@S@@@S@@@S@@@S@@@S@@@S@@@S@@@S@@@S@@@S@@@S@@@S@@@S@@@S@@@S@@@S@@@S@@@S@@@S@@@S@@@S@@@S@@@S@@@S@@@S@@@S@@@S@@@S@@@S@@@S@@@S@@@S@@@S@@@S@@@S@@@S@@@S@@@S@@@S@@@S@@@S@@@S@@@S@@@S@@@S@@@S@@@S@@@S@@@S@@@S@@@S@@@S@@@S@@@S@@@S@@@S@@@S@@@S@@@S@@@S@@@S@@@S@@@S@@@S@@@S@@@S@@@S@@@S@@@S@@@S@@@S@@@S@@@S@@@S@@@S@@@S@@@S@@@S@@@S@@@S@@@S@@@S@@@S@@@S@@@S........
........SSS.SSS.SSS.SSS.SSS.SSS.SSS.SSS.SSS.SSS.SSS.SSS.SSS.SSS.SSS.SSS.SSS.SSS.SSS.SSS.SSS.SSS.SSS.SSS.SSS.SSS.SSS.SSS.SSS.SSS.SSS.SSS.SSS.SSS.SSS.SSS.SSS.SSS.SSS.SSS.SSS.SSS.SSS.SSS.SSS.SSS.SSS.SSS.SSS.SSS.SSS.SSS.SSS.SSS.SSS.SSS.SSS.SSS.SSS.SSS.SSS.SSS.SSS.SSS.SSS.SSS.SSS.SSS.SSS.SSS.SSS.SSS.SSS.SSS.SSS.SSS.SSS.SSS.SSS.SSS.SSS.SSS.SSS.SSS.SSS.SSS.SSS.SSS.SSS.SSS.SSS.SSS.SSS.SSS.SSS.SSS.SSS.SSS.SSS.SSS.SSS.SSS.SSS.SSS.SSS.SSS.SSS.SSS.SSS.SSS.SSS.SSS.SSS.SSS.SSS.SSS.SSS.SSS.SSS.SSS.SSS.......E.
.E.....S@@@S@@@S@@@S@@@S@@@S@@@S@@@S@@@S@@@S@@@S@@@S@@@S@@@S@@@S@@@S@@@S@@@S@@@S@@@S@@@S@@@S@@@S@@@S@@@S@@@S@@@S@@@S@@@S@@@S@@@S@@@S@@@S@@@S@@@S@@@S@@@S@@@S@@@S@@@S@@@S@@@S@@@S@@@S@@@S@@@S@@@S@@@S@@@S@@@S@@@S@@@S@@@S@@@S@@@S@@@S@@@S@@@S@@@S@@@S@@@S@@@S@@@S@@@S@@@S@@@S@@@S@@@S@@@S@@@S@@@S@@@S@@@S@@@S@@@S@@@S@@@S@@@S@@@S@@@S@@@S@@@S@@@S@@@S@@@S@@@S@@@S@@@S@@@S@@@S@@@S@@@S@@@S@@@S@@@S@@@S@@@S@@@S@@@S@@@S@@@S@@@S@@@S@@@S@@@S@@@S@@@S@@@S@@@S@@@S@@@S@@@S@@@S@@@S@@@S@@@S@@@S@@@S@@@S@@@S@@@S@@@S.....@@@
@@@....S@@@S@@@S@@@S@@@S@@@S@@@S@@@S@@@S@@@S@@@S@@@S@@@S@@@S@@@S@@@S@@@S@@@S@@@S@@@S@@@S@@@S@@@S@@@S@@@S@@@S@@@S@@@S@@@S@@@S@@@S@@@S@@@S@@@S@@@S@@@S@@@S@@@S@@@S@@@S@@@S@@@S@@@S@@@S@@@S@@@S@@@S@@@S@@@S@@@S@@@S@@@S@@@S@@@S@@@S@@@S@@@S@@@S@@@S@@@S@@@S@@@S@@@S@@@S@@@S@@@S@@@S@@@S@@@S@@@S@@@S@@@S@@@S@@@S@@@S@@@S@@@S@@@S@@@S@@@S@@@S@@@S@@@S@@@S@@@S@@@S@@@S@@@S@@@S@@@S@@@S@@@S@@@S@@@S@@@S@@@S@@@S@@@S@@@S@@@S@@@S@@@S@@@S@@@S@@@S@@@S@@@S@@@S@@@S@@@S@@@S@@@S@@@S@@@S@@@S@@@S@@@S@@@S@@@S@@@S@@@S@@@S.....@@@
@@@.....SSS.SSS.SSS.SSS.SSS.SSS.SSS.SSS.SSS.SSS.SSS.SSS.SSS.SSS.SSS.SSS.SSS.SSS.SSS.SSS.SSS.SSS.SSS.SSS.SSS.SSS.SSS.SSS.SSS.SSS.SSS.SSS.SSS.SSS.SSS.SSS.SSS.SSS.SSS.SSS.SSS.SSS.SSS.SSS.SSS.SSS.SSS.SSS.SSS.SSS.SSS.SSS.SSS.SSS.SSS.SSS.SSS.SSS.SSS.SSS.SSS.SSS.SSS.SSS.SSS.SSS.SSS.SSS.SSS.SSS.SSS.SSS.SSS.SSS.SSS.SSS.SSS.SSS.SSS.SSS.SSS.SSS.SSS.SSS.SSS.SSS.SSS.SSS.SSS.SSS.SSS.SSS.SSS.SSS.SSS.SSS.SSS.SSS.SSS.SSS.SSS.SSS.SSS.SSS.SSS.SSS.SSS.SSS.SSS.SSS.SSS.SSS.SSS.SSS.SSS.SSS.SSS.SSS.SSS.SSS.SSS......@@@
@@@....S@@@S@@@S@@@S@@@S@@@S@@@S@@@S@@@S@@@S@@@S@@@S@@@S@@@S@@@S@@@S@@@S@@@S@@@S@@@S@@@S@@@S@@@S@@@S@@@S@@@S@@@S@@@S@@@S@@@S@@@S@@@S@@@S@@@S@@@S@@@S@@@S@@@S@@@S@@@S@@@S@@@S@@@S@@@S@@@S@@@S@@@S@@@S@@@S@@@S@@@S@@@S@@@S@@@S@@@S@@@S@@@S@@@S@@@S@@@S@@@S@@@S@@@S@@@S@@@S@@@S@@@S@@@S@@@S@@@S@@@S@@@S@@@S@@@S@@@S@@@S@@@S@@@S@@@S@@@S@@@S@@@S@@@S@@@S@@@S@@@S@@@S@@@S@@@S@@@S@@@S@@@S@@@S@@@S@@@S@@@S@@@S@@@S@@@S@@@S@@@S@@@S@@@S@@@S@@@S@@@S@@@S@@@S@@@S@@@S@@@S@@@S@@@S@@@S@@@S@@@S@@@S@@@S@@@S@@@S@@@S@@@S......E.
.E.....S@@@S@@@S@@@S@@@S@@@S@@@S@@@S@@@S@@@S@@@S@@@S@@@S@@@S@@@S@@@S@@@S@@@S@@@S@@@S@@@S@@@S@@@S@@@S@@@S@@@S@@@S@@@S@@@S@@@S@@@S@@@S@@@S@@@S@@@S@@@S@@@S@@@S@@@S@@@S@@@S@@@S@@@S@@@S@@@S@@@S@@@S@@@S@@@S@@@S@@@S@@@S@@@S@@@S@@@S@@@S@@@S@@@S@@@S@@@S@@@S@@@S@@@S@@@S@@@S@@@S@@@S@@@S@@@S@@@S@@@S@@@S@@@S@@@S@@@S@@@S@@@S@@@S@@@S@@@S@@@S@@@S@@@S@@@S@@@S@@@S@@@S@@@S@@@S@@@S@@@S@@@S@@@S@@@S@@@S@@@S@@@S@@@S@@@S@@@S@@@S@@@S@@@S@@@S@@@S@@@S@@@S@@@S@@@S@@@S@@@S@@@S@@@S@@@S@@@S@@@S@@@S@@@S@@@S@@@S@@@S@@@S........
........SSS.SSS.SSS.SSS.SSS.SSS.SSS.SSS.SSS.SSS.SSS.SSS.SSS.SSS.SSS.SSS.SSS.SSS.SSS.SSS.SSS.SSS.SSS.SSS.SSS.SSS.SSS.SSS.SSS.SSS.SSS.SSS.SSS.SSS.SSS.SSS.SSS.SSS.SSS.SSS.SSS.SSS.SSS.SSS.SSS.SSS.SSS.SSS.SSS.SSS.SSS.SSS.SSS.SSS.SSS.SSS.SSS.SSS.SSS.SSS.SSS.SSS.SSS.SSS.SSS.SSS.SSS.SSS.SSS.SSS.SSS.SSS.SSS.SSS.SSS.SSS.SSS.SSS.SSS.SSS.SSS.SSS.SSS.SSS.SSS.SSS.SSS.SSS.SSS.SSS.SSS.SSS.SSS.SSS.SSS.SSS.SSS.SSS.SSS.SSS.SSS.SSS.SSS.SSS.SSS.SSS.SSS.SSS.SSS.SSS.SSS.SSS.SSS.SSS.SSS.SSS.SSS.SSS.SSS.SSS.SSS.........
.......S@@@S@@@S@@@S@@@S@@@S@@@S@@@S@@@S@@@S@@@S@@@S@@@S@@@S@@@S@@@S@@@S@@@S@@@S@@@S@@@S@@@S@@@S@@@S@@@S@@@S@@@S@@@S@@@S@@@S@@@S@@@S@@@S@@@S@@@S@@@S@@@S@@@S@@@S@@@S@@@S@@@S@@@S@@@S@@@S@@@S@@@S@@@S@@@S@@@S@@@S@@@S@@@S@@@S@@@S@@@S@@@S@@@S@@@S@@@S@@@S@@@S@@@S@@@S@@@S@@@S@@@S@@@S@@@S@@@S@@@S@@@S@@@S@@@S@@@S@@@S@@@S@@@S@@@S@@@S@@@S@@@S@@@S@@@S@@@S@@@S@@@S@@@S@@@S@@@S@@@S@@@S@@@S@@@S@@@S@@@S@@@S@@@S@@@S@@@S@@@S@@@S@@@S@@@S@@@S@@@S@@@S@@@S@@@S@@@S@@@S@@@S@@@S@@@S@@@S@@@S@@@S@@@S@@@S@@@S@@@S@@@S......E.
.E.....S@@@S@@@S@@@S@@@S@@@S@@@S@@@S@@@S@@@S@@@S@@@S@@@S@@@S@@@S@@@S@@@S@@@S@@@S@@@S@@@S@@@S@@@S@@@S@@@S@@@S@@@S@@@S@@@S@@@S@@@S@@@S@@@S@@@S@@@S@@@S@@@S@@@S@@@S@@@S@@@S@@@S@@@S@@@S@@@S@@@S@@@S@@@S@@@S@@@S@@@S@@@S@@@S@@@S@@@S@@@S@@@S@@@S@@@S@@@S@@@S@@@S@@@S@@@S@@@S@@@S@@@S@@@S@@@S@@@S@@@S@@@S@@@S@@@S@@@S@@@S@@@S@@@S@@@S@@@S@@@S@@@S@@@S@@@S@@@S@@@S@@@S@@@S@@@S@@@S@@@S@@@S@@@S@@@S@@@S@@@S@@@S@@@S@@@S@@@S@@@S@@@S@@@S@@@S@@@S@@@S@@@S@@@S@@@S@@@S@@@S@@@S@@@S@@@S@@@S@@@S@@@S@@@S@@@S@@@S@@@S@@@S.....@@@
@@@.....SSS.SSS.SSS.SSS.SSS.SSS.SSS.SSS.SSS.SSS.SSS.SSS.SSS.SSS.SSS.SSS.SSS.SSS.SSS.SSS.SSS.SSS.SSS.SSS.SSS.SSS.SSS.SSS.SSS.SSS.SSS.SSS.SSS.SSS.SSS.SSS.SSS.SSS.SSS.SSS.SSS.SSS.SSS.SSS.SSS.SSS.SSS.SSS.SSS.SSS.SSS.SSS.SSS.SSS.SSS.SSS.SSS.SSS.SSS.SSS.SSS.SSS.SSS.SSS.SSS.SSS.SSS.SSS.SSS.SSS.SSS.SSS.SSS.SSS.SSS.SSS.SSS.SSS.SSS.SSS.SSS.SSS.SSS.SSS.SSS.SSS.SSS.SSS.SSS.SSS.SSS.SSS.SSS.SSS.SSS.SSS.SSS.SSS.SSS.SSS.SSS.SSS.SSS.SSS.SSS.SSS.SSS.SSS.SSS.SSS.SSS.SSS.SSS.SSS.SSS.SSS.SSS.SSS.SSS.SSS.SSS......@@@
@@@....S@@@S@@@S@@@S@@@S@@@S@@@S@@@S@@@S@@@S@@@S@@@S@@@S@@@S@@@S@@@S@@@S@@@S@@@S@@@S@@@S@@@S@@@S@@@S@@@S@@@S@@@S@@@S@@@S@@@S@@@S@@@S@@@S@@@S@@@S@@@S@@@S@@@S@@@S@@@S@@@S@@@S@@@S@@@S@@@S@@@S@@@S@@@S@@@S@@@S@@@S@@@S@@@S@@@S@@@S@@@S@@@S@@@S@@@S@@@S@@@S@@@S@@@S@@@S@@@S@@@S@@@S@@@S@@@S@@@S@@@S@@@S@@@S@@@S@@@S@@@S@@@S@@@S@@@S@@@S@@@S@@@S@@@S@@@S@@@S@@@S@@@S@@@S@@@S@@@S@@@S@@@S@@@S@@@S@@@S@@@S@@@S@@@S@@@S@@@S@@@S@@@S@@@S@@@S@@@S@@@S@@@S@@@S@@@S@@@S@@@S@@@S@@@S@@@S@@@S@@@S@@@S@@@S@@@S@@@S@@@S@@@S.....@@@
@@@....S@@@S@@@S@@@S@@@S@@@S@@@S@@@S@@@S@@@S@@@S@@@S@@@S@@@S@@@S@@@S@@@S@@@S@@@S@@@S@@@S@@@S@@@S@@@S@@@S@@@S@@@S@@@S@@@S@@@S@@@S@@@S@@@S@@@S@@@S@@@S@@@S@@@S@@@S@@@S@@@S@@@S@@@S@@@S@@@S@@@S@@@S@@@S@@@S@@@S@@@S@@@S@@@S@@@S@@@S@@@S@@@S@@@S@@@S@@@S@@@S@@@S@@@S@@@S@@@S@@@S@@@S@@@S@@@S@@@S@@@S@@@S@@@S@@@S@@@S@@@S@@@S@@@S@@@S@@@S@@@S@@@S@@@S@@@S@@@S@@@S@@@S@@@S@@@S@@@S@@@S@@@S@@@S@@@S@@@S@@@S@@@S@@@S@@@S@@@S@@@S@@@S@@@S@@@S@@@S@@@S@@@S@@@S@@@S@@@S@@@S@@@S@@@S@@@S@@@S@@@S@@@S@@@S@@@S@@@S@@@S@@@S......E.
.E......SSS.SSS.SSS.SSS.SSS.SSS.SSS.SSS.SSS.SSS.SSS.SSS.SSS.SSS.SSS.SSS.SSS.SSS.SSS.SSS.SSS.SSS.SSS.SSS.SSS.SSS.SSS.SSS.SSS.SSS.SSS.SSS.SSS.SSS.SSS.SSS.SSS.SSS.SSS.SSS.SSS.SSS.SSS.SSS.SSS.SSS.SSS.SSS.SSS.SSS.SSS.SSS.SSS.SSS.SSS.SSS.SSS.SSS.SSS.SSS.SSS.SSS.SSS.SSS.SSS.SSS.SSS.SSS.SSS.SSS.SSS.SSS.SSS.SSS.SSS.SSS.SSS.SSS.SSS.SSS.SSS.SSS.SSS.SSS.SSS.SSS.SSS.SSS.SSS.SSS.SSS.SSS.SSS.SSS.SSS.SSS.SSS.SSS.SSS.SSS.SSS.SSS.SSS.SSS.SSS.SSS.SSS.SSS.SSS.SSS.SSS.SSS.SSS.SSS.SSS.SSS.SSS.SSS.SSS.SSS.SSS.........
.......S@@@S@@@S@@@S@@@S@@@S@@@S@@@S@@@S@@@S@@@S@@@S@@@S@@@S@@@S@@@S@@@S@@@S@@@S@@@S@@@S@@@S@@@S@@@S@@@S@@@S@@@S@@@S@@@S@@@S@@@S@@@S@@@S@@@S@@@S@@@S@@@S@@@S@@@S@@@S@@@S@@@S@@@S@@@S@@@S@@@S@@@S@@@S@@@S@@@S@@@S@@@S@@@S@@@S@@@S@@@S@@@S@@@S@@@S@@@S@@@S@@@S@@@S@@@S@@@S@@@S@@@S@@@S@@@S@@@S@@@S@@@S@@@S@@@S@@@S@@@S@@@S@@@S@@@S@@@S@@@S@@@S@@@S@@@S@@@S@@@S@@@S@@@S@@@S@@@S@@@S@@@S@@@S@@@S@@@S@@@S@@@S@@@S@@@S@@@S@@@S@@@S@@@S@@@S@@@S@@@S@@@S@@@S@@@S@@@S@@@S@@@S@@@S@@@S@@@S@@@S@@@S@@@S@@@S@@@S@@@S@@@S........
.......S@@@S@@@S@@@S@@@S@@@S@@@S@@@S@@@S@@@S@@@S@@@S@@@S@@@S@@@S@@@S@@@S@@@S@@@S@@@S@@@S@@@S@@@S@@@S@@@S@@@S@@@S@@@S@@@S@@@S@@@S@@@S@@@S@@@S@@@S@@@S@@@S@@@S@@@S@@@S@@@S@@@S@@@S@@@S@@@S@@@S@@@S@@@S@@@S@@@S@@@S@@@S@@@S@@@S@@@S@@@S@@@S@@@S@@@S@@@S@@@S@@@S@@@S@@@S@@@S@@@S@@@S@@@S@@@S@@@S@@@S@@@S@@@S@@@S@@@S@@@S@@@S@@@S@@@S@@@S@@@S@@@S@@@S@@@S@@@S@@@S@@@S@@@S@@@S@@@S@@@S@@@S@@@S@@@S@@@S@@@S@@@S@@@S@@@S@@@S@@@S@@@S@@@S@@@S@@@S@@@S@@@S@@@S@@@S@@@S@@@S@@@S@@@S@@@S@@@S@@@S@@@S@@@S@@@S@@@S@@@S@@@S......E.
.E......SSS.SSS.SSS.SSS.SSS.SSS.SSS.SSS.SSS.SSS.SSS.SSS.SSS.SSS.SSS.SSS.SSS.SSS.SSS.SSS.SSS.SSS.SSS.SSS.SSS.SSS.SSS.SSS.SSS.SSS.SSS.SSS.SSS.SSS.SSS.SSS.SSS.SSS.SSS.SSS.SSS.SSS.SSS.SSS.SSS.SSS.SSS.SSS.SSS.SSS.SSS.SSS.SSS.SSS.SSS.SSS.SSS.SSS.SSS.SSS.SSS.SSS.SSS.SSS.SSS.SSS.SSS.SSS.SSS.SSS.SSS.SSS.SSS.SSS.SSS.SSS.SSS.SSS.SSS.SSS.SSS.SSS.SSS.SSS.SSS.SSS.SSS.SSS.SSS.SSS.SSS.SSS.SSS.SSS.SSS.SSS.SSS.SSS.SSS.SSS.SSS.SSS.SSS.SSS.SSS.SSS.SSS.SSS.SSS.SSS.SSS.SSS.SSS.SSS.SSS.SSS.SSS.SSS.SSS.SSS.SSS......@@@
@@@....S@@@S@@@S@@@S@@@S@@@S@@@S@@@S@@@S@@@S@@@S@@@S@@@S@@@S@@@S@@@S@@@S@@@S@@@S@@@S@@@S@@@S@@@S@@@S@@@S@@@S@@@S@@@S@@@S@@@S@@@S@@@S@@@S@@@S@@@S@@@S@@@S@@@S@@@S@@@S@@@S@@@S@@@S@@@S@@@S@@@S@@@S@@@S@@@S@@@S@@@S@@@S@@@S@@@S@@@S@@@S@@@S@@@S@@@S@@@S@@@S@@@S@@@S@@@S@@@S@@@S@@@S@@@S@@@S@@@S@@@S@@@S@@@S@@@S@@@S@@@S@@@S@@@S@@@S@@@S@@@S@@@S@@@S@@@S@@@S@@@S@@@S@@@S@@@S@@@S@@@S@@@S@@@S@@@S@@@S@@@S@@@S@@@S@@@S@@@S@@@S@@@S@@@S@@@S@@@S@@@S@@@S@@@S@@@S@@@S@@@S@@@S@@@S@@@S@@@S@@@S@@@S@@@S@@@S@@@S@@@S@@@S.....@@@
@@@....S@@@S@@@S@@@S@@@S@@@S@@@S@@@S@@@S@@@S@@@S@@@S@@@S@@@S@@@S@@@S@@@S@@@S@@@S@@@S@@@S@@@S@@@S@@@S@@@S@@@S@@@S@@@S@@@S@@@S@@@S@@@S@@@S@@@S@@@S@@@S@@@S@@@S@@@S@@@S@@@S@@@S@@@S@@@S@@@S@@@S@@@S@@@S@@@S@@@S@@@S@@@S@@@S@@@S@@@S@@@S@@@S@@@S@@@S@@@S@@@S@@@S@@@S@@@S@@@S@@@S@@@S@@@S@@@S@@@S@@@S@@@S@@@S@@@S@@@S@@@S@@@S@@@S@@@S@@@S@@@S@@@S@@@S@@@S@@@S@@@S@@@S@@@S@@@S@@@S@@@S@@@S@@@S@@@S@@@S@@@S@@@S@@@S@@@S@@@S@@@S@@@S@@@S@@@S@@@S@@@S@@@S@@@S@@@S@@@S@@@S@@@S@@@S@@@S@@@S@@@S@@@S@@@S@@@S@@@S@@@S@@@S.....@@@
@@@.....SSS.SSS.SSS.SSS.SSS.SSS.SSS.SSS.SSS.SSS.SSS.SSS.SSS.SSS.SSS.SSS.SSS.SSS.SSS.SSS.SSS.SSS.SSS.SSS.SSS.SSS.SSS.SSS.SSS.SSS.SSS.SSS.SSS.SSS.SSS.SSS.SSS.SSS.SSS.SSS.SSS.SSS.SSS.SSS.SSS.SSS.SSS.SSS.SSS.SSS.SSS.SSS.SSS.SSS.SSS.SSS.SSS.SSS.SSS.SSS.SSS.SSS.SSS.SSS.SSS.SSS.SSS.SSS.SSS.SSS.SSS.SSS.SSS.SSS.SSS.SSS.SSS.SSS.SSS.SSS.SSS.SSS.SSS.SSS.SSS.SSS.SSS.SSS.SSS.SSS.SSS.SSS.SSS.SSS.SSS.SSS.SSS.SSS.SSS.SSS.SSS.SSS.SSS.SSS.SSS.SSS.SSS.SSS.SSS.SSS.SSS.SSS.SSS.SSS.SSS.SSS.SSS.SSS.SSS.SSS.SSS.......E.
.E.....S@@@S@@@S@@@S@@@S@@@S@@@S@@@S@@@S@@@S@@@S@@@S@@@S@@@S@@@S@@@S@@@S@@@S@@@S@@@S@@@S@@@S@@@S@@@S@@@S@@@S@@@S@@@S@@@S@@@S@@@S@@@S@@@S@@@S@@@S@@@S@@@S@@@S@@@S@@@S@@@S@@@S@@@S@@@S@@@S@@@S@@@S@@@S@@@S@@@S@@@S@@@S@@@S@@@S@@@S@@@S@@@S@@@S@@@S@@@S@@@S@@@S@@@S@@@S@@@S@@@S@@@S@@@S@@@S@@@S@@@S@@@S@@@S@@@S@@@S@@@S@@@S@@@S@@@S@@@S@@@S@@@S@@@S@@@S@@@S@@@S@@@S@@@S@@@S@@@S@@@S@@@S@@@S@@@S@@@S@@@S@@@S@@@S@@@S@@@S@@@S@@@S@@@S@@@S@@@S@@@S@@@S@@@S@@@S@@@S@@@S@@@S@@@S@@@S@@@S@@@S@@@S@@@S@@@S@@@S@@@S@@@S........
.......S@@@S@@@S@@@S@@@S@@@S@@@S@@@S@@@S@@@S@@@S@@@S@@@S@@@S@@@S@@@S@@@S@@@S@@@S@@@S@@@S@@@S@@@S@@@S@@@S@@@S@@@S@@@S@@@S@@@S@@@S@@@S@@@S@@@S@@@S@@@S@@@S@@@S@@@S@@@S@@@S@@@S@@@S@@@S@@@S@@@S@@@S@@@S@@@S@@@S@@@S@@@S@@@S@@@S@@@S@@@S@@@S@@@S@@@S@@@S@@@S@@@S@@@S@@@S@@@S@@@S@@@S@@@S@@@S@@@S@@@S@@@S@@@S@@@S@@@S@@@S@@@S@@@S@@@S@@@S@@@S@@@S@@@S@@@S@@@S@@@S@@@S@@@S@@@S@@@S@@@S@@@S@@@S@@@S@@@S@@@S@@@S@@@S@@@S@@@S@@@S@@@S@@@S@@@S@@@S@@@S@@@S@@@S@@@S@@@S@@@S@@@S@@@S@@@S@@@S@@@S@@@S@@@S@@@S@@@S@@@S@@@S........
........SSS.SSS.SSS.SSS.SSS.SSS.SSS.SSS.SSS.SSS.SSS.SSS.SSS.SSS.SSS.SSS.SSS.SSS.SSS.SSS.SSS.SSS.SSS.SSS.SSS.SSS.SSS.SSS.SSS.SSS.SSS.SSS.SSS.SSS.SSS.SSS.SSS.SSS.SSS.SSS.SSS.SSS.SSS.SSS.SSS.SSS.SSS.SSS.SSS.SSS.SSS.SSS.SSS.SSS.SSS.SSS.SSS.SSS.SSS.SSS.SSS.SSS.SSS.SSS.SSS.SSS.SSS.SSS.SSS.SSS.SSS.SSS.SSS.SSS.SSS.SSS.SSS.SSS.SSS.SSS.SSS.SSS.SSS.SSS.SSS.SSS.SSS.SSS.SSS.SSS.SSS.SSS.SSS.SSS.SSS.SSS.SSS.SSS.SSS.SSS.SSS.SSS.SSS.SSS.SSS.SSS.SSS.SSS.SSS.SSS.SSS.SSS.SSS.SSS.SSS.SSS.SSS.SSS.SSS.SSS.SSS.......E.
.E.....S@@@S@@@S@@@S@@@S@@@S@@@S@@@S@@@S@@@S@@@S@@@S@@@S@@@S@@@S@@@S@@@S@@@S@@@S@@@S@@@S@@@S@@@S@@@S@@@S@@@S@@@S@@@S@@@S@@@S@@@S@@@S@@@S@@@S@@@S@@@S@@@S@@@S@@@S@@@S@@@S@@@S@@@S@@@S@@@S@@@S@@@S@@@S@@@S@@@S@@@S@@@S@@@S@@@S@@@S@@@S@@@S@@@S@@@S@@@S@@@S@@@S@@@S@@@S@@@S@@@S@@@S@@@S@@@S@@@S@@@S@@@S@@@S@@@S@@@S@@@S@@@S@@@S@@@S@@@S@@@S@@@S@@@S@@@S@@@S@@@S@@@S@@@S@@@S@@@S@@@S@@@S@@@S@@@S@@@S@@@S@@@S@@@S@@@S@@@S@@@S@@@S@@@S@@@S@@@S@@@S@@@S@@@S@@@S@@@S@@@S@@@S@@@S@@@S@@@S@@@S@@@S@@@S@@@S@@@S@@@S@@@S.....@@@
@@@....S@@@S@@@S@@@S@@@S@@@S@@@S@@@S@@@S@@@S@@@S@@@S@@@S@@@S@@@S@@@S@@@S@@@S@@@S@@@S@@@S@@@S@@@S@@@S@@@S@@@S@@@S@@@S@@@S@@@S@@@S@@@S@@@S@@@S@@@S@@@S@@@S@@@S@@@S@@@S@@@S@@@S@@@S@@@S@@@S@@@S@@@S@@@S@@@S@@@S@@@S@@@S@@@S@@@S@@@S@@@S@@@S@@@S@@@S@@@S@@@S@@@S@@@S@@@S@@@S@@@S@@@S@@@S@@@S@@@S@@@S@@@S@@@S@@@S@@@S@@@S@@@S@@@S@@@S@@@S@@@S@@@S@@@S@@@S@@@S@@@S@@@S@@@S@@@S@@@S@@@S@@@S@@@S@@@S@@@S@@@S@@@S@@@S@@@S@@@S@@@S@@@S@@@S@@@S@@@S@@@S@@@S@@@S@@@S@@@S@@@S@@@S@@@S@@@S@@@S@@@S@@@S@@@S@@@S@@@S@@@S@@@S.....@@@
@@@.....SSS.SSS.SSS.SSS.SSS.SSS.SSS.SSS.SSS.SSS.SSS.SSS.SSS.SSS.SSS.SSS.SSS.SSS.SSS.SSS.SSS.SSS.SSS.SSS.SSS.SSS.SSS.SSS.SSS.SSS.SSS.SSS.SSS.SSS.SSS.SSS.SSS.SSS.SSS.SSS.SSS.SSS.SSS.SSS.SSS.SSS.SSS.SSS.SSS.SSS.SSS.SSS.SSS.SSS.SSS.SSS.SSS.SSS.SSS.SSS.SSS.SSS.SSS.SSS.SSS.SSS.SSS.SSS.SSS.SSS.SSS.SSS.SSS.SSS.SSS.SSS.SSS.SSS.SSS.SSS.SSS.SSS.SSS.SSS.SSS.SSS.SSS.SSS.SSS.SSS.SSS.SSS.SSS.SSS.SSS.SSS.SSS.SSS.SSS.SSS.SSS.SSS.SSS.SSS.SSS.SSS.SSS.SSS.SSS.SSS.SSS.SSS.SSS.SSS.SSS.SSS.SSS.SSS.SSS.SSS.SSS......@@@
@@@....S@@@S@@@S@@@S@@@S@@@S@@@S@@@S@@@S@@@S@@@S@@@S@@@S@@@S@@@S@@@S@@@S@@@S@@@S@@@S@@@S@@@S@@@S@@@S@@@S@@@S@@@S@@@S@@@S@@@S@@@S@@@S@@@S@@@S@@@S@@@S@@@S@@@S@@@S@@@S@@@S@@@S@@@S@@@S@@@S@@@S@@@S@@@S@@@S@@@S@@@S@@@S@@@S@@@S@@@S@@@S@@@S@@@S@@@S@@@S@@@S@@@S@@@S@@@S@@@S@@@S@@@S@@@S@@@S@@@S@@@S@@@S@@@S@@@S@@@S@@@S@@@S@@@S@@@S@@@S@@@S@@@S@@@S@@@S@@@S@@@S@@@S@@@S@@@S@@@S@@@S@@@S@@@S@@@S@@@S@@@S@@@S@@@S@@@S@@@S@@@S@@@S@@@S@@@S@@@S@@@S@@@S@@@S@@@S@@@S@@@S@@@S@@@S@@@S@@@S@@@S@@@S@@@S@@@S@@@S@@@S@@@S......E.
.E.....S@@@S@@@S@@@S@@@S@@@S@@@S@@@S@@@S@@@S@@@S@@@S@@@S@@@S@@@S@@@S@@@S@@@S@@@S@@@S@@@S@@@S@@@S@@@S@@@S@@@S@@@S@@@S@@@S@@@S@@@S@@@S@@@S@@@S@@@S@@@S@@@S@@@S@@@S@@@S@@@S@@@S@@@S@@@S@@@S@@@S@@@S@@@S@@@S@@@S@@@S@@@S@@@S@@@S@@@S@@@S@@@S@@@S@@@S@@@S@@@S@@@S@@@S@@@S@@@S@@@S@@@S@@@S@@@S@@@S@@@S@@@S@@@S@@@S@@@S@@@S@@@S@@@S@@@S@@@S@@@S@@@S@@@S@@@S@@@S@@@S@@@S@@@S@@@S@@@S@@@S@@@S@@@S@@@S@@@S@@@S@@@S@@@S@@@S@@@S@@@S@@@S@@@S@@@S@@@S@@@S@@@S@@@S@@@S@@@S@@@S@@@S@@@S@@@S@@@S@@@S@@@S@@@S@@@S@@@S@@@S@@@S........
........SSS.SSS.SSS.SSS.SSS.SSS.SSS.SSS.SSS.SSS.SSS.SSS.SSS.SSS.SSS.SSS.SSS.SSS.SSS.SSS.SSS.SSS.SSS.SSS.SSS.SSS.SSS.SSS.SSS.SSS.SSS.SSS.SSS.SSS.SSS.SSS.SSS.SSS.SSS.SSS.SSS.SSS.SSS.SSS.SSS.SSS.SSS.SSS.SSS.SSS.SSS.SSS.SSS.SSS.SSS.SSS.SSS.SSS.SSS.SSS.SSS.SSS.SSS.SSS.SSS.SSS.SSS.SSS.SSS.SSS.SSS.SSS.SSS.SSS.SSS.SSS.SSS.SSS.SSS.SSS.SSS.SSS.SSS.SSS.SSS.SSS.SSS.SSS.SSS.SSS.SSS.SSS.SSS.SSS.SSS.SSS.SSS.SSS.SSS.SSS.SSS.SSS.SSS.SSS.SSS.SSS.SSS.SSS.SSS.SSS.SSS.SSS.SSS.SSS.SSS.SSS.SSS.SSS.SSS.SSS.SSS.........
.......S@@@S@@@S@@@S@@@S@@@S@@@S@@@S@@@S@@@S@@@S@@@S@@@S@@@S@@@S@@@S@@@S@@@S@@@S@@@S@@@S@@@S@@@S@@@S@@@S@@@S@@@S@@@S@@@S@@@S@@@S@@@S@@@S@@@S@@@S@@@S@@@S@@@S@@@S@@@S@@@S@@@S@@@S@@@S@@@S@@@S@@@S@@@S@@@S@@@S@@@S@@@S@@@S@@@S@@@S@@@S@@@S@@@S@@@S@@@S@@@S@@@S@@@S@@@S@@@S@@@S@@@S@@@S@@@S@@@S@@@S@@@S@@@S@@@S@@@S@@@S@@@S@@@S@@@S@@@S@@@S@@@S@@@S@@@S@@@S@@@S@@@S@@@S@@@S@@@S@@@S@@@S@@@S@@@S@@@S@@@S@@@S@@@S@@@S@@@S@@@S@@@S@@@S@@@S@@@S@@@S@@@S@@@S@@@S@@@S@@@S@@@S@@@S@@@S@@@S@@@S@@@S@@@S@@@S@@@S@@@S@@@S......E.
.E.....S@@@S@@@S@@@S@@@S@@@S@@@S@@@S@@@S@@@S@@@S@@@S@@@S@@@S@@@S@@@S@@@S@@@S@@@S@@@S@@@S@@@S@@@S@@@S@@@S@@@S@@@S@@@S@@@S@@@S@@@S@@@S@@@S@@@S@@@S@@@S@@@S@@@S@@@S@@@S@@@S@@@S@@@S@@@S@@@S@@@S@@@S@@@S@@@S@@@S@@@S@@@S@@@S@@@S@@@S@@@S@@@S@@@S@@@S@@@S@@@S@@@S@@@S@@@S@@@S@@@S@@@S@@@S@@@S@@@S@@@S@@@S@@@S@@@S@@@S@@@S@@@S@@@S@@@S@@@S@@@S@@@S@@@S@@@S@@@S@@@S@@@S@@@S@@@S@@@S@@@S@@@S@@@S@@@S@@@S@@@S@@@S@@@S@@@S@@@S@@@S@@@S@@@S@@@S@@@S@@@S@@@S@@@S@@@S@@@S@@@S@@@S@@@S@@@S@@@S@@@S@@@S@@@S@@@S@@@S@@@S@@@S.....@@@
@@@.....SSS.SSS.SSS.SSS.SSS.SSS.SSS.SSS.SSS.SSS.SSS.SSS.SSS.SSS.SSS.SSS.SSS.SSS.SSS.SSS.SSS.SSS.SSS.SSS.SSS.SSS.SSS.SSS.SSS.SSS.SSS.SSS.SSS.SSS.SSS.SSS.SSS.SSS.SSS.SSS.SSS.SSS.SSS.SSS.SSS.SSS.SSS.SSS.SSS.SSS.SSS.SSS.SSS.SSS.SSS.SSS.SSS.SSS.SSS.SSS.SSS.SSS.SSS.SSS.SSS.SSS.SSS.SSS.SSS.SSS.SSS.SSS.SSS.SSS.SSS.SSS.SSS.SSS.SSS.SSS.SSS.SSS.SSS.SSS.SSS.SSS.SSS.SSS.SSS.SSS.SSS.SSS.SSS.SSS.SSS.SSS.SSS.SSS.SSS.SSS.SSS.SSS.SSS.SSS.SSS.SSS.SSS.SSS.SSS.SSS.SSS.SSS.SSS.SSS.SSS.SSS.SSS.SSS.SSS.SSS.SSS......@@@
@@@....S@@@S@@@S@@@S@@@S@@@S@@@S@@@S@@@S@@@S@@@S@@@S@@@S@@@S@@@S@@@S@@@S@@@S@@@S@@@S@@@S@@@S@@@S@@@S@@@S@@@S@@@S@@@S@@@S@@@S@@@S@@@S@@@S@@@S@@@S@@@S@@@S@@@S@@@S@@@S@@@S@@@S@@@S@@@S@@@S@@@S@@@S@@@S@@@S@@@S@@@S@@@S@@@S@@@S@@@S@@@S@@@S@@@S@@@S@@@S@@@S@@@S@@@S@@@S@@@S@@@S@@@S@@@S@@@S@@@S@@@S@@@S@@@S@@@S@@@S@@@S@@@S@@@S@@@S@@@S@@@S@@@S@@@S@@@S@@@S@@@S@@@S@@@S@@@S@@@S@@@S@@@S@@@S@@@S@@@S@@@S@@@S@@@S@@@S@@@S@@@S@@@S@@@S@@@S@@@S@@@S@@@S@@@S@@@S@@@S@@@S@@@S@@@S@@@S@@@S@@@S@@@S@@@S@@@S@@@S@@@S@@@S.....@@@
@@@....S@@@S@@@S@@@S@@@S@@@S@@@S@@@S@@@S@@@S@@@S@@@S@@@S@@@S@@@S@@@S@@@S@@@S@@@S@@@S@@@S@@@S@@@S@@@S@@@S@@@S@@@S@@@S@@@S@@@S@@@S@@@S@@@S@@@S@@@S@@@S@@@S@@@S@@@S@@@S@@@S@@@S@@@S@@@S@@@S@@@S@@@S@@@S@@@S@@@S@@@S@@@S@@@S@@@S@@@S@@@S@@@S@@@S@@@S@@@S@@@S@@@S@@@S@@@S@@@S@@@S@@@S@@@S@@@S@@@S@@@S@@@S@@@S@@@S@@@S@@@S@@@S@@@S@@@S@@@S@@@S@@@S@@@S@@@S@@@S@@@S@@@S@@@S@@@S@@@S@@@S@@@S@@@S@@@S@@@S@@@S@@@S@@@S@@@S@@@S@@@S@@@S@@@S@@@S@@@S@@@S@@@S@@@S@@@S@@@S@@@S@@@S@@@S@@@S@@@S@@@S@@@S@@@S@@@S@@@S@@@S@@@S......E.
.E......SSS.SSS.SSS.SSS.SSS.SSS.SSS.SSS.SSS.SSS.SSS.SSS.SSS.SSS.SSS.SSS.SSS.SSS.SSS.SSS.SSS.SSS.SSS.SSS.SSS.SSS.SSS.SSS.SSS.SSS.SSS.SSS.SSS.SSS.SSS.SSS.SSS.SSS.SSS.SSS.SSS.SSS.SSS.SSS.SSS.SSS.SSS.SSS.SSS.SSS.SSS.SSS.SSS.SSS.SSS.SSS.SSS.SSS.SSS.SSS.SSS.SSS.SSS.SSS.SSS.SSS.SSS.SSS.SSS.SSS.SSS.SSS.SSS.SSS.SSS.SSS.SSS.SSS.SSS.SSS.SSS.SSS.SSS.SSS.SSS.SSS.SSS.SSS.SSS.SSS.SSS.SSS.SSS.SSS.SSS.SSS.SSS.SSS.SSS.SSS.SSS.SSS.SSS.SSS.SSS.SSS.SSS.SSS.SSS.SSS.SSS.SSS.SSS.SSS.SSS.SSS.SSS.SSS.SSS.SSS.SSS.........
.......S@@@S@@@S@@@S@@@S@@@S@@@S@@@S@@@S@@@S@@@S@@@S@@@S@@@S@@@S@@@S@@@S@@@S@@@S@@@S@@@S@@@S@@@S@@@S@@@S@@@S@@@S@@@S@@@S@@@S@@@S@@@S@@@S@@@S@@@S@@@S@@@S@@@S@@@S@@@S@@@S@@@S@@@S@@@S@@@S@@@S@@@S@@@S@@@S@@@S@@@S@@@S@@@S@@@S@@@S@@@S@@@S@@@S@@@S@@@S@@@S@@@S@@@S@@@S@@@S@@@S@@@S@@@S@@@S@@@S@@@S@@@S@@@S@@@S@@@S@@@S@@@S@@@S@@@S@@@S@@@S@@@S@@@S@@@S@@@S@@@S@@@S@@@S@@@S@@@S@@@S@@@S@@@S@@@S@@@S@@@S@@@S@@@S@@@S@@@S@@@S@@@S@@@S@@@S@@@S@@@S@@@S@@@S@@@S@@@S@@@S@@@S@@@S@@@S@@@S@@@S@@@S@@@S@@@S@@@S@@@S@@@S........
.......S@@@S@@@S@@@S@@@S@@@S@@@S@@@S@@@S@@@S@@@S@@@S@@@S@@@S@@@S@@@S@@@S@@@S@@@S@@@S@@@S@@@S@@@S@@@S@@@S@@@S@@@S@@@S@@@S@@@S@@@S@@@S@@@S@@@S@@@S@@@S@@@S@@@S@@@S@@@S@@@S@@@S@@@S@@@S@@@S@@@S@@@S@@@S@@@S@@@S@@@S@@@S@@@S@@@S@@@S@@@S@@@S@@@S@@@S@@@S@@@S@@@S@@@S@@@S@@@S@@@S@@@S@@@S@@@S@@@S@@@S@@@S@@@S@@@S@@@S@@@S@@@S@@@S@@@S@@@S@@@S@@@S@@@S@@@S@@@S@@@S@@@S@@@S@@@S@@@S@@@S@@@S@@@S@@@S@@@S@@@S@@@S@@@S@@@S@@@S@@@S@@@S@@@S@@@S@@@S@@@S@@@S@@@S@@@S@@@S@@@S@@@S@@@S@@@S@@@S@@@S@@@S@@@S@@@S@@@S@@@S@@@S......E.
.E......SSS.SSS.SSS.SSS.SSS.SSS.SSS.SSS.SSS.SSS.SSS.SSS.SSS.SSS.SSS.SSS.SSS.SSS.SSS.SSS.SSS.SSS.SSS.SSS.SSS.SSS.SSS.SSS.SSS.SSS.SSS.SSS.SSS.SSS.SSS.SSS.SSS.SSS.SSS.SSS.SSS.SSS.SSS.SSS.SSS.SSS.SSS.SSS.SSS.SSS.SSS.SSS.SSS.SSS.SSS.SSS.SSS.SSS.SSS.SSS.SSS.SSS.SSS.SSS.SSS.SSS.SSS.SSS.SSS.SSS.SSS.SSS.SSS.SSS.SSS.SSS.SSS.SSS.SSS.SSS.SSS.SSS.SSS.SSS.SSS.SSS.SSS.SSS.SSS.SSS.SSS.SSS.SSS.SSS.SSS.SSS.SSS.SSS.SSS.SSS.SSS.SSS.SSS.SSS.SSS.SSS.SSS.SSS.SSS.SSS.SSS.SSS.SSS.SSS.SSS.SSS.SSS.SSS.SSS.SSS.SSS......@@@
@@@....S@@@S@@@S@@@S@@@S@@@S@@@S@@@S@@@S@@@S@@@S@@@S@@@S@@@S@@@S@@@S@@@S@@@S@@@S@@@S@@@S@@@S@@@S@@@S@@@S@@@S@@@S@@@S@@@S@@@S@@@S@@@S@@@S@@@S@@@S@@@S@@@S@@@S@@@S@@@S@@@S@@@S@@@S@@@S@@@S@@@S@@@S@@@S@@@S@@@S@@@S@@@S@@@S@@@S@@@S@@@S@@@S@@@S@@@S@@@S@@@S@@@S@@@S@@@S@@@S@@@S@@@S@@@S@@@S@@@S@@@S@@@S@@@S@@@S@@@S@@@S@@@S@@@S@@@S@@@S@@@S@@@S@@@S@@@S@@@S@@@S@@@S@@@S@@@S@@@S@@@S@@@S@@@S@@@S@@@S@@@S@@@S@@@S@@@S@@@S@@@S@@@S@@@S@@@S@@@S@@@S@@@S@@@S@@@S@@@S@@@S@@@S@@@S@@@S@@@S@@@S@@@S@@@S@@@S@@@S@@@S@@@S.....@@@
@@@....S@@@S@@@S@@@S@@@S@@@S@@@S@@@S@@@S@@@S@@@S@@@S@@@S@@@S@@@S@@@S@@@S@@@S@@@S@@@S@@@S@@@S@@@S@@@S@@@S@@@S@@@S@@@S@@@S@@@S@@@S@@@S@@@S@@@S@@@S@@@S@@@S@@@S@@@S@@@S@@@S@@@S@@@S@@@S@@@S@@@S@@@S@@@S@@@S@@@S@@@S@@@S@@@S@@@S@@@S@@@S@@@S@@@S@@@S@@@S@@@S@@@S@@@S@@@S@@@S@@@S@@@S@@@S@@@S@@@S@@@S@@@S@@@S@@@S@@@S@@@S@@@S@@@S@@@S@@@S@@@S@@@S@@@S@@@S@@@S@@@S@@@S@@@S@@@S@@@S@@@S@@@S@@@S@@@S@@@S@@@S@@@S@@@S@@@S@@@S@@@S@@@S@@@S@@@S@@@S@@@S@@@S@@@S@@@S@@@S@@@S@@@S@@@S@@@S@@@S@@@S@@@S@@@S@@@S@@@S@@@S@@@S.....@@@
@@@.....SSS.SSS.SSS.SSS.SSS.SSS.SSS.SSS.SSS.SSS.SSS.SSS.SSS.SSS.SSS.SSS.SSS.SSS.SSS.SSS.SSS.SSS.SSS.SSS.SSS.SSS.SSS.SSS.SSS.SSS.SSS.SSS.SSS.SSS.SSS.SSS.SSS.SSS.SSS.SSS.SSS.SSS.SSS.SSS.SSS.SSS.SSS.SSS.SSS.SSS.SSS.SSS.SSS.SSS.SSS.SSS.SSS.SSS.SSS.SSS.SSS.SSS.SSS.SSS.SSS.SSS.SSS.SSS.SSS.SSS.SSS.SSS.SSS.SSS.SSS.SSS.SSS.SSS.SSS.SSS.SSS.SSS.SSS.SSS.SSS.SSS.SSS.SSS.SSS.SSS.SSS.SSS.SSS.SSS.SSS.SSS.SSS.SSS.SSS.SSS.SSS.SSS.SSS.SSS.SSS.SSS.SSS.SSS.SSS.SSS.SSS.SSS.SSS.SSS.SSS.SSS.SSS.SSS.SSS.SSS.SSS.......E.
.E.....S@@@S@@@S@@@S@@@S@@@S@@@S@@@S@@@S@@@S@@@S@@@S@@@S@@@S@@@S@@@S@@@S@@@S@@@S@@@S@@@S@@@S@@@S@@@S@@@S@@@S@@@S@@@S@@@S@@@S@@@S@@@S@@@S@@@S@@@S@@@S@@@S@@@S@@@S@@@S@@@S@@@S@@@S@@@S@@@S@@@S@@@S@@@S@@@S@@@S@@@S@@@S@@@S@@@S@@@S@@@S@@@S@@@S@@@S@@@S@@@S@@@S@@@S@@@S@@@S@@@S@@@S@@@S@@@S@@@S@@@S@@@S@@@S@@@S@@@S@@@S@@@S@@@S@@@S@@@S@@@S@@@S@@@S@@@S@@@S@@@S@@@S@@@S@@@S@@@S@@@S@@@S@@@S@@@S@@@S@@@S@@@S@@@S@@@S@@@S@@@S@@@S@@@S@@@S@@@S@@@S@@@S@@@S@@@S@@@S@@@S@@@S@@@S@@@S@@@S@@@S@@@S@@@S@@@S@@@S@@@S@@@S........
.......S@@@S@@@S@@@S@@@S@@@S@@@S@@@S@@@S@@@S@@@S@@@S@@@S@@@S@@@S@@@S@@@S@@@S@@@S@@@S@@@S@@@S@@@S@@@S@@@S@@@S@@@S@@@S@@@S@@@S@@@S@@@S@@@S@@@S@@@S@@@S@@@S@@@S@@@S@@@S@@@S@@@S@@@S@@@S@@@S@@@S@@@S@@@S@@@S@@@S@@@S@@@S@@@S@@@S@@@S@@@S@@@S@@@S@@@S@@@S@@@S@@@S@@@S@@@S@@@S@@@S@@@S@@@S@@@S@@@S@@@S@@@S@@@S@@@S@@@S@@@S@@@S@@@S@@@S@@@S@@@S@@@S@@@S@@@S@@@S@@@S@@@S@@@S@@@S@@@S@@@S@@@S@@@S@@@S@@@S@@@S@@@S@@@S@@@S@@@S@@@S@@@S@@@S@@@S@@@S@@@S@@@S@@@S@@@S@@@S@@@S@@@S@@@S@@@S@@@S@@@S@@@S@@@S@@@S@@@S@@@S@@@S........
........SSS.SSS.SSS.SSS.SSS.SSS.SSS.SSS.SSS.SSS.SSS.SSS.SSS.SSS.SSS.SSS.SSS.SSS.SSS.SSS.SSS.SSS.SSS.SSS.SSS.SSS.SSS.SSS.SSS.SSS.SSS.SSS.SSS.SSS.SSS.SSS.SSS.SSS.SSS.SSS.SSS.SSS.SSS.SSS.SSS.SSS.SSS.SSS.SSS.SSS.SSS.SSS.SSS.SSS.SSS.SSS.SSS.SSS.SSS.SSS.SSS.SSS.SSS.SSS.SSS.SSS.SSS.SSS.SSS.SSS.SSS.SSS.SSS.SSS.SSS.SSS.SSS.SSS.SSS.SSS.SSS.SSS.SSS.SSS.SSS.SSS.SSS.SSS.SSS.SSS.SSS.SSS.SSS.SSS.SSS.SSS.SSS.SSS.SSS.SSS.SSS.SSS.SSS.SSS.SSS.SSS.SSS.SSS.SSS.SSS.SSS.SSS.SSS.SSS.SSS.SSS.SSS.SSS.SSS.SSS.SSS.......E.
.E.....S@@@S@@@S@@@S@@@S@@@S@@@S@@@S@@@S@@@S@@@S@@@S@@@S@@@S@@@S@@@S@@@S@@@S@@@S@@@S@@@S@@@S@@@S@@@S@@@S@@@S@@@S@@@S@@@S@@@S@@@S@@@S@@@S@@@S@@@S@@@S@@@S@@@S@@@S@@@S@@@S@@@S@@@S@@@S@@@S@@@S@@@S@@@S@@@S@@@S@@@S@@@S@@@S@@@S@@@S@@@S@@@S@@@S@@@S@@@S@@@S@@@S@@@S@@@S@@@S@@@S@@@S@@@S@@@S@@@S@@@S@@@S@@@S@@@S@@@S@@@S@@@S@@@S@@@S@@@S@@@S@@@S@@@S@@@S@@@S@@@S@@@S@@@S@@@S@@@S@@@S@@@S@@@S@@@S@@@S@@@S@@@S@@@S@@@S@@@S@@@S@@@S@@@S@@@S@@@S@@@S@@@S@@@S@@@S@@@S@@@S@@@S@@@S@@@S@@@S@@@S@@@S@@@S@@@S@@@S@@@S@@@S.....@@@
@@@....S@@@S@@@S@@@S@@@S@@@S@@@S@@@S@@@S@@@S@@@S@@@S@@@S@@@S@@@S@@@S@@@S@@@S@@@S@@@S@@@S@@@S@@@S@@@S@@@S@@@S@@@S@@@S@@@S@@@S@@@S@@@S@@@S@@@S@@@S@@@S@@@S@@@S@@@S@@@S@@@S@@@S@@@S@@@S@@@S@@@S@@@S@@@S@@@S@@@S@@@S@@@S@@@S@@@S@@@S@@@S@@@S@@@S@@@S@@@S@@@S@@@S@@@S@@@S@@@S@@@S@@@S@@@S@@@S@@@S@@@S@@@S@@@S@@@S@@@S@@@S@@@S@@@S@@@S@@@S@@@S@@@S@@@S@@@S@@@S@@@S@@@S@@@S@@@S@@@S@@@S@@@S@@@S@@@S@@@S@@@S@@@S@@@S@@@S@@@S@@@S@@@S@@@S@@@S@@@S@@@S@@@S@@@S@@@S@@@S@@@S@@@S@@@S@@@S@@@S@@@S@@@S@@@S@@@S@@@S@@@S@@@S.....@@@
@@@.....SSS.SSS.SSS.SSS.SSS.SSS.SSS.SSS.SSS.SSS.SSS.SSS.SSS.SSS.SSS.SSS.SSS.SSS.SSS.SSS.SSS.SSS.SSS.SSS.SSS.SSS.SSS.SSS.SSS.SSS.SSS.SSS.SSS.SSS.SSS.SSS.SSS.SSS.SSS.SSS.SSS.SSS.SSS.SSS.SSS.SSS.SSS.SSS.SSS.SSS.SSS.SSS.SSS.SSS.SSS.SSS.SSS.SSS.SSS.SSS.SSS.SSS.SSS.SSS.SSS.SSS.SSS.SSS.SSS.SSS.SSS.SSS.SSS.SSS.SSS.SSS.SSS.SSS.SSS.SSS.SSS.SSS.SSS.SSS.SSS.SSS.SSS.SSS.SSS.SSS.SSS.SSS.SSS.SSS.SSS.SSS.SSS.SSS.SSS.SSS.SSS.SSS.SSS.SSS.SSS.SSS.SSS.SSS.SSS.SSS.SSS.SSS.SSS.SSS.SSS.SSS.SSS.SSS.SSS.SSS.SSS......@@@
@@@....S@@@S@@@S@@@S@@@S@@@S@@@S@@@S@@@S@@@S@@@S@@@S@@@S@@@S@@@S@@@S@@@S@@@S@@@S@@@S@@@S@@@S@@@S@@@S@@@S@@@S@@@S@@@S@@@S@@@S@@@S@@@S@@@S@@@S@@@S@@@S@@@S@@@S@@@S@@@S@@@S@@@S@@@S@@@S@@@S@@@S@@@S@@@S@@@S@@@S@@@S@@@S@@@S@@@S@@@S@@@S@@@S@@@S@@@S@@@S@@@S@@@S@@@S@@@S@@@S@@@S@@@S@@@S@@@S@@@S@@@S@@@S@@@S@@@S@@@S@@@S@@@S@@@S@@@S@@@S@@@S@@@S@@@S@@@S@@@S@@@S@@@S@@@S@@@S@@@S@@@S@@@S@@@S@@@S@@@S@@@S@@@S@@@S@@@S@@@S@@@S@@@S@@@S@@@S@@@S@@@S@@@S@@@S@@@S@@@S@@@S@@@S@@@S@@@S@@@S@@@S@@@S@@@S@@@S@@@S@@@S@@@S......E.
.E.....S@@@S@@@S@@@S@@@S@@@S@@@S@@@S@@@S@@@S@@@S@@@S@@@S@@@S@@@S@@@S@@@S@@@S@@@S@@@S@@@S@@@S@@@S@@@S@@@S@@@S@@@S@@@S@@@S@@@S@@@S@@@S@@@S@@@S@@@S@@@S@@@S@@@S@@@S@@@S@@@S@@@S@@@S@@@S@@@S@@@S@@@S@@@S@@@S@@@S@@@S@@@S@@@S@@@S@@@S@@@S@@@S@@@S@@@S@@@S@@@S@@@S@@@S@@@S@@@S@@@S@@@S@@@S@@@S@@@S@@@S@@@S@@@S@@@S@@@S@@@S@@@S@@@S@@@S@@@S@@@S@@@S@@@S@@@S@@@S@@@S@@@S@@@S@@@S@@@S@@@S@@@S@@@S@@@S@@@S@@@S@@@S@@@S@@@S@@@S@@@S@@@S@@@S@@@S@@@S@@@S@@@S@@@S@@@S@@@S@@@S@@@S@@@S@@@S@@@S@@@S@@@S@@@S@@@S@@@S@@@S@@@S........
........SSS.SSS.SSS.SSS.SSS.SSS.SSS.SSS.SSS.SSS.SSS.SSS.SSS.SSS.SSS.SSS.SSS.SSS.SSS.SSS.SSS.SSS.SSS.SSS.SSS.SSS.SSS.SSS.SSS.SSS.SSS.SSS.SSS.SSS.SSS.SSS.SSS.SSS.SSS.SSS.SSS.SSS.SSS.SSS.SSS.SSS.SSS.SSS.SSS.SSS.SSS.SSS.SSS.SSS.SSS.SSS.SSS.SSS.SSS.SSS.SSS.SSS.SSS.SSS.SSS.SSS.SSS.SSS.SSS.SSS.SSS.SSS.SSS.SSS.SSS.SSS.SSS.SSS.SSS.SSS.SSS.SSS.SSS.SSS.SSS.SSS.SSS.SSS.SSS.SSS.SSS.SSS.SSS.SSS.SSS.SSS.SSS.SSS.SSS.SSS.SSS.SSS.SSS.SSS.SSS.SSS.SSS.SSS.SSS.SSS.SSS.SSS.SSS.SSS.SSS.SSS.SSS.SSS.SSS.SSS.SSS.........
.......S@@@S@@@S@@@S@@@S@@@S@@@S@@@S@@@S@@@S@@@S@@@S@@@S@@@S@@@S@@@S@@@S@@@S@@@S@@@S@@@S@@@S@@@S@@@S@@@S@@@S@@@S@@@S@@@S@@@S@@@S@@@S@@@S@@@S@@@S@@@S@@@S@@@S@@@S@@@S@@@S@@@S@@@S@@@S@@@S@@@S@@@S@@@S@@@S@@@S@@@S@@@S@@@S@@@S@@@S@@@S@@@S@@@S@@@S@@@S@@@S@@@S@@@S@@@S@@@S@@@S@@@S@@@S@@@S@@@S@@@S@@@S@@@S@@@S@@@S@@@S@@@S@@@S@@@S@@@S@@@S@@@S@@@S@@@S@@@S@@@S@@@S@@@S@@@S@@@S@@@S@@@S@@@S@@@S@@@S@@@S@@@S@@@S@@@S@@@S@@@S@@@S@@@S@@@S@@@S@@@S@@@S@@@S@@@S@@@S@@@S@@@S@@@S@@@S@@@S@@@S@@@S@@@S@@@S@@@S@@@S@@@S......E.
.E.....S@@@S@@@S@@@S@@@S@@@S@@@S@@@S@@@S@@@S@@@S@@@S@@@S@@@S@@@S@@@S@@@S@@@S@@@S@@@S@@@S@@@S@@@S@@@S@@@S@@@S@@@S@@@S@@@S@@@S@@@S@@@S@@@S@@@S@@@S@@@S@@@S@@@S@@@S@@@S@@@S@@@S@@@S@@@S@@@S@@@S@@@S@@@S@@@S@@@S@@@S@@@S@@@S@@@S@@@S@@@S@@@S@@@S@@@S@@@S@@@S@@@S@@@S@@@S@@@S@@@S@@@S@@@S@@@S@@@S@@@S@@@S@@@S@@@S@@@S@@@S@@@S@@@S@@@S@@@S@@@S@@@S@@@S@@@S@@@S@@@S@@@S@@@S@@@S@@@S@@@S@@@S@@@S@@@S@@@S@@@S@@@S@@@S@@@S@@@S@@@S@@@S@@@S@@@S@@@S@@@S@@@S@@@S@@@S@@@S@@@S@@@S@@@S@@@S@@@S@@@S@@@S@@@S@@@S@@@S@@@S@@@S.....@@@
@@@.....SSS.SSS.SSS.SSS.SSS.SSS.SSS.SSS.SSS.SSS.SSS.SSS.SSS.SSS.SSS.SSS.SSS.SSS.SSS.SSS.SSS.SSS.SSS.SSS.SSS.SSS.SSS.SSS.SSS.SSS.SSS.SSS.SSS.SSS.SSS.SSS.SSS.SSS.SSS.SSS.SSS.SSS.SSS.SSS.SSS.SSS.SSS.SSS.SSS.SSS.SSS.SSS.SSS.SSS.SSS.SSS.SSS.SSS.SSS.SSS.SSS.SSS.SSS.SSS.SSS.SSS.SSS.SSS.SSS.SSS.SSS.SSS.SSS.SSS.SSS.SSS.SSS.SSS.SSS.SSS.SSS.SSS.SSS.SSS.SSS.SSS.SSS.SSS.SSS.SSS.SSS.SSS.SSS.SSS.SSS.SSS.SSS.SSS.SSS.SSS.SSS.SSS.SSS.SSS.SSS.SSS.SSS.SSS.SSS.SSS.SSS.SSS.SSS.SSS.SSS.SSS.SSS.SSS.SSS.SSS.SSS......@@@
@@@....S@@@S@@@S@@@S@@@S@@@S@@@S@@@S@@@S@@@S@@@S@@@S@@@S@@@S@@@S@@@S@@@S@@@S@@@S@@@S@@@S@@@S@@@S@@@S@@@S@@@S@@@S@@@S@@@S@@@S@@@S@@@S@@@S@@@S@@@S@@@S@@@S@@@S@@@S@@@S@@@S@@@S@@@S@@@S@@@S@@@S@@@S@@@S@@@S@@@S@@@S@@@S@@@S@@@S@@@S@@@S@@@S@@@S@@@S@@@S@@@S@@@S@@@S@@@S@@@S@@@S@@@S@@@S@@@S@@@S@@@S@@@S@@@S@@@S@@@S@@@S@@@S@@@S@@@S@@@S@@@S@@@S@@@S@@@S@@@S@@@S@@@S@@@S@@@S@@@S@@@S@@@S@@@S@@@S@@@S@@@S@@@S@@@S@@@S@@@S@@@S@@@S@@@S@@@S@@@S@@@S@@@S@@@S@@@S@@@S@@@S@@@S@@@S@@@S@@@S@@@S@@@S@@@S@@@S@@@S@@@S@@@S.....@@@
@@@....S@@@S@@@S@@@S@@@S@@@S@@@S@@@S@@@S@@@S@@@S@@@S@@@S@@@S@@@S@@@S@@@S@@@S@@@S@@@S@@@S@@@S@@@S@@@S@@@S@@@S@@@S@@@S@@@S@@@S@@@S@@@S@@@S@@@S@@@S@@@S@@@S@@@S@@@S@@@S@@@S@@@S@@@S@@@S@@@S@@@S@@@S@@@S@@@S@@@S@@@S@@@S@@@S@@@S@@@S@@@S@@@S@@@S@@@S@@@S@@@S@@@S@@@S@@@S@@@S@@@S@@@S@@@S@@@S@@@S@@@S@@@S@@@S@@@S@@@S@@@S@@@S@@@S@@@S@@@S@@@S@@@S@@@S@@@S@@@S@@@S@@@S@@@S@@@S@@@S@@@S@@@S@@@S@@@S@@@S@@@S@@@S@@@S@@@S@@@S@@@S@@@S@@@S@@@S@@@S@@@S@@@S@@@S@@@S@@@S@@@S@@@S@@@S@@@S@@@S@@@S@@@S@@@S@@@S@@@S@@@S@@@S......E.
.E......SSS.SSS.SSS.SSS.SSS.SSS.SSS.SSS.SSS.SSS.SSS.SSS.SSS.SSS.SSS.SSS.SSS.SSS.SSS.SSS.SSS.SSS.SSS.SSS.SSS.SSS.SSS.SSS.SSS.SSS.SSS.SSS.SSS.SSS.SSS.SSS.SSS.SSS.SSS.SSS.SSS.SSS.SSS.SSS.SSS.SSS.SSS.SSS.SSS.SSS.SSS.SSS.SSS.SSS.SSS.SSS.SSS.SSS.SSS.SSS.SSS.SSS.SSS.SSS.SSS.SSS.SSS.SSS.SSS.SSS.SSS.SSS.SSS.SSS.SSS.SSS.SSS.SSS.SSS.SSS.SSS.SSS.SSS.SSS.SSS.SSS.SSS.SSS.SSS.SSS.SSS.SSS.SSS.SSS.SSS.SSS.SSS.SSS.SSS.SSS.SSS.SSS.SSS.SSS.SSS.SSS.SSS.SSS.SSS.SSS.SSS.SSS.SSS.SSS.SSS.SSS.SSS.SSS.SSS.SSS.SSS.........
.......S@@@S@@@S@@@S@@@S@@@S@@@S@@@S@@@S@@@S@@@S@@@S@@@S@@@S@@@S@@@S@@@S@@@S@@@S@@@S@@@S@@@S@@@S@@@S@@@S@@@S@@@S@@@S@@@S@@@S@@@S@@@S@@@S@@@S@@@S@@@S@@@S@@@S@@@S@@@S@@@S@@@S@@@S@@@S@@@S@@@S@@@S@@@S@@@S@@@S@@@S@@@S@@@S@@@S@@@S@@@S@@@S@@@S@@@S@@@S@@@S@@@S@@@S@@@S@@@S@@@S@@@S@@@S@@@S@@@S@@@S@@@S@@@S@@@S@@@S@@@S@@@S@@@S@@@S@@@S@@@S@@@S@@@S@@@S@@@S@@@S@@@S@@@S@@@S@@@S@@@S@@@S@@@S@@@S@@@S@@@S@@@S@@@S@@@S@@@S@@@S@@@S@@@S@@@S@@@S@@@S@@@S@@@S@@@S@@@S@@@S@@@S@@@S@@@S@@@S@@@S@@@S@@@S@@@S@@@S@@@S@@@S........
.......S@@@S@@@S@@@S@@@S@@@S@@@S@@@S@@@S@@@S@@@S@@@S@@@S@@@S@@@S@@@S@@@S@@@S@@@S@@@S@@@S@@@S@@@S@@@S@@@S@@@S@@@S@@@S@@@S@@@S@@@S@@@S@@@S@@@S@@@S@@@S@@@S@@@S@@@S@@@S@@@S@@@S@@@S@@@S@@@S@@@S@@@S@@@S@@@S@@@S@@@S@@@S@@@S@@@S@@@S@@@S@@@S@@@S@@@S@@@S@@@S@@@S@@@S@@@S@@@S@@@S@@@S@@@S@@@S@@@S@@@S@@@S@@@S@@@S@@@S@@@S@@@S@@@S@@@S@@@S@@@S@@@S@@@S@@@S@@@S@@@S@@@S@@@S@@@S@@@S@@@S@@@S@@@S@@@S@@@S@@@S@@@S@@@S@@@S@@@S@@@S@@@S@@@S@@@S@@@S@@@S@@@S@@@S@@@S@@@S@@@S@@@S@@@S@@@S@@@S@@@S@@@S@@@S@@@S@@@S@@@S@@@S......E.
.E......SSS.SSS.SSS.SSS.SSS.SSS.SSS.SSS.SSS.SSS.SSS.SSS.SSS.SSS.SSS.SSS.SSS.SSS.SSS.SSS.SSS.SSS.SSS.SSS.SSS.SSS.SSS.SSS.SSS.SSS.SSS.SSS.SSS.SSS.SSS.SSS.SSS.SSS.SSS.SSS.SSS.SSS.SSS.SSS.SSS.SSS.SSS.SSS.SSS.SSS.SSS.SSS.SSS.SSS.SSS.SSS.SSS.SSS.SSS.SSS.SSS.SSS.SSS.SSS.SSS.SSS.SSS.SSS.SSS.SSS.SSS.SSS.SSS.SSS.SSS.SSS.SSS.SSS.SSS.SSS.SSS.SSS.SSS.SSS.SSS.SSS.SSS.SSS.SSS.SSS.SSS.SSS.SSS.SSS.SSS.SSS.SSS.SSS.SSS.SSS.SSS.SSS.SSS.SSS.SSS.SSS.SSS.SSS.SSS.SSS.SSS.SSS.SSS.SSS.SSS.SSS.SSS.SSS.SSS.SSS.SSS......@@@
@@@....S@@@S@@@S@@@S@@@S@@@S@@@S@@@S@@@S@@@S@@@S@@@S@@@S@@@S@@@S@@@S@@@S@@@S@@@S@@@S@@@S@@@S@@@S@@@S@@@S@@@S@@@S@@@S@@@S@@@S@@@S@@@S@@@S@@@S@@@S@@@S@@@S@@@S@@@S@@@S@@@S@@@S@@@S@@@S@@@S@@@S@@@S@@@S@@@S@@@S@@@S@@@S@@@S@@@S@@@S@@@S@@@S@@@S@@@S@@@S@@@S@@@S@@@S@@@S@@@S@@@S@@@S@@@S@@@S@@@S@@@S@@@S@@@S@@@S@@@S@@@S@@@S@@@S@@@S@@@S@@@S@@@S@@@S@@@S@@@S@@@S@@@S@@@S@@@S@@@S@@@S@@@S@@@S@@@S@@@S@@@S@@@S@@@S@@@S@@@S@@@S@@@S@@@S@@@S@@@S@@@S@@@S@@@S@@@S@@@S@@@S@@@S@@@S@@@S@@@S@@@S@@@S@@@S@@@S@@@S@@@S@@@S.....@@@
@@@....S@@@S@@@S@@@S@@@S@@@S@@@S@@@S@@@S@@@S@@@S@@@S@@@S@@@S@@@S@@@S@@@S@@@S@@@S@@@S@@@S@@@S@@@S@@@S@@@S@@@S@@@S@@@S@@@S@@@S@@@S@@@S@@@S@@@S@@@S@@@S@@@S@@@S@@@S@@@S@@@S@@@S@@@S@@@S@@@S@@@S@@@S@@@S@@@S@@@S@@@S@@@S@@@S@@@S@@@S@@@S@@@S@@@S@@@S@@@S@@@S@@@S@@@S@@@S@@@S@@@S@@@S@@@S@@@S@@@S@@@S@@@S@@@S@@@S@@@S@@@S@@@S@@@S@@@S@@@S@@@S@@@S@@@S@@@S@@@S@@@S@@@S@@@S@@@S@@@S@@@S@@@S@@@S@@@S@@@S@@@S@@@S@@@S@@@S@@@S@@@S@@@S@@@S@@@S@@@S@@@S@@@S@@@S@@@S@@@S@@@S@@@S@@@S@@@S@@@S@@@S@@@S@@@S@@@S@@@S@@@S@@@S.....@@@
@@@.....SSS.SSS.SSS.SSS.SSS.SSS.SSS.SSS.SSS.SSS.SSS.SSS.SSS.SSS.SSS.SSS.SSS.SSS.SSS.SSS.SSS.SSS.SSS.SSS.SSS.SSS.SSS.SSS.SSS.SSS.SSS.SSS.SSS.SSS.SSS.SSS.SSS.SSS.SSS.SSS.SSS.SSS.SSS.SSS.SSS.SSS.SSS.SSS.SSS.SSS.SSS.SSS.SSS.SSS.SSS.SSS.SSS.SSS.SSS.SSS.SSS.SSS.SSS.SSS.SSS.SSS.SSS.SSS.SSS.SSS.SSS.SSS.SSS.SSS.SSS.SSS.SSS.SSS.SSS.SSS.SSS.SSS.SSS.SSS.SSS.SSS.SSS.SSS.SSS.SSS.SSS.SSS.SSS.SSS.SSS.SSS.SSS.SSS.SSS.SSS.SSS.SSS.SSS.SSS.SSS.SSS.SSS.SSS.SSS.SSS.SSS.SSS.SSS.SSS.SSS.SSS.SSS.SSS.SSS.SSS.SSS.......E.
.E.....S@@@S@@@S@@@S@@@S@@@S@@@S@@@S@@@S@@@S@@@S@@@S@@@S@@@S@@@S@@@S@@@S@@@S@@@S@@@S@@@S@@@S@@@S@@@S@@@S@@@S@@@S@@@S@@@S@@@S@@@S@@@S@@@S@@@S@@@S@@@S@@@S@@@S@@@S@@@S@@@S@@@S@@@S@@@S@@@S@@@S@@@S@@@S@@@S@@@S@@@S@@@S@@@S@@@S@@@S@@@S@@@S@@@S@@@S@@@S@@@S@@@S@@@S@@@S@@@S@@@S@@@S@@@S@@@S@@@S@@@S@@@S@@@S@@@S@@@S@@@S@@@S@@@S@@@S@@@S@@@S@@@S@@@S@@@S@@@S@@@S@@@S@@@S@@@S@@@S@@@S@@@S@@@S@@@S@@@S@@@S@@@S@@@S@@@S@@@S@@@S@@@S@@@S@@@S@@@S@@@S@@@S@@@S@@@S@@@S@@@S@@@S@@@S@@@S@@@S@@@S@@@S@@@S@@@S@@@S@@@S@@@S........
.......S@@@S@@@S@@@S@@@S@@@S@@@S@@@S@@@S@@@S@@@S@@@S@@@S@@@S@@@S@@@S@@@S@@@S@@@S@@@S@@@S@@@S@@@S@@@S@@@S@@@S@@@S@@@S@@@S@@@S@@@S@@@S@@@S@@@S@@@S@@@S@@@S@@@S@@@S@@@S@@@S@@@S@@@S@@@S@@@S@@@S@@@S@@@S@@@S@@@S@@@S@@@S@@@S@@@S@@@S@@@S@@@S@@@S@@@S@@@S@@@S@@@S@@@S@@@S@@@S@@@S@@@S@@@S@@@S@@@S@@@S@@@S@@@S@@@S@@@S@@@S@@@S@@@S@@@S@@@S@@@S@@@S@@@S@@@S@@@S@@@S@@@S@@@S@@@S@@@S@@@S@@@S@@@S@@@S@@@S@@@S@@@S@@@S@@@S@@@S@@@S@@@S@@@S@@@S@@@S@@@S@@@S@@@S@@@S@@@S@@@S@@@S@@@S@@@S@@@S@@@S@@@S@@@S@@@S@@@S@@@S@@@S........
........SSS.SSS.SSS.SSS.SSS.SSS.SSS.SSS.SSS.SSS.SSS.SSS.SSS.SSS.SSS.SSS.SSS.SSS.SSS.SSS.SSS.SSS.SSS.SSS.SSS.SSS.SSS.SSS.SSS.SSS.SSS.SSS.SSS.SSS.SSS.SSS.SSS.SSS.SSS.SSS.SSS.SSS.SSS.SSS.SSS.SSS.SSS.SSS.SSS.SSS.SSS.SSS.SSS.SSS.SSS.SSS.SSS.SSS.SSS.SSS.SSS.SSS.SSS.SSS.SSS.SSS.SSS.SSS.SSS.SSS.SSS.SSS.SSS.SSS.SSS.SSS.SSS.SSS.SSS.SSS.SSS.SSS.SSS.SSS.SSS.SSS.SSS.SSS.SSS.SSS.SSS.SSS.SSS.SSS.SSS.SSS.SSS.SSS.SSS.SSS.SSS.SSS.SSS.SSS.SSS.SSS.SSS.SSS.SSS.SSS.SSS.SSS.SSS.SSS.SSS.SSS.SSS.SSS.SSS.SSS.SSS.......E.
.E.....S@@@S@@@S@@@S@@@S@@@S@@@S@@@S@@@S@@@S@@@S@@@S@@@S@@@S@@@S@@@S@@@S@@@S@@@S@@@S@@@S@@@S@@@S@@@S@@@S@@@S@@@S@@@S@@@S@@@S@@@S@@@S@@@S@@@S@@@S@@@S@@@S@@@S@@@S@@@S@@@S@@@S@@@S@@@S@@@S@@@S@@@S@@@S@@@S@@@S@@@S@@@S@@@S@@@S@@@S@@@S@@@S@@@S@@@S@@@S@@@S@@@S@@@S@@@S@@@S@@@S@@@S@@@S@@@S@@@S@@@S@@@S@@@S@@@S@@@S@@@S@@@S@@@S@@@S@@@S@@@S@@@S@@@S@@@S@@@S@@@S@@@S@@@S@@@S@@@S@@@S@@@S@@@S@@@S@@@S@@@S@@@S@@@S@@@S@@@S@@@S@@@S@@@S@@@S@@@S@@@S@@@S@@@S@@@S@@@S@@@S@@@S@@@S@@@S@@@S@@@S@@@S@@@S@@@S@@@S@@@S@@@S.....@@@
@@@....S@@@S@@@S@@@S@@@S@@@S@@@S@@@S@@@S@@@S@@@S@@@S@@@S@@@S@@@S@@@S@@@S@@@S@@@S@@@S@@@S@@@S@@@S@@@S@@@S@@@S@@@S@@@S@@@S@@@S@@@S@@@S@@@S@@@S@@@S@@@S@@@S@@@S@@@S@@@S@@@S@@@S@@@S@@@S@@@S@@@S@@@S@@@S@@@S@@@S@@@S@@@S@@@S@@@S@@@S@@@S@@@S@@@S@@@S@@@S@@@S@@@S@@@S@@@S@@@S@@@S@@@S@@@S@@@S@@@S@@@S@@@S@@@S@@@S@@@S@@@S@@@S@@@S@@@S@@@S@@@S@@@S@@@S@@@S@@@S@@@S@@@S@@@S@@@S@@@S@@@S@@@S@@@S@@@S@@@S@@@S@@@S@@@S@@@S@@@S@@@S@@@S@@@S@@@S@@@S@@@S@@@S@@@S@@@S@@@S@@@S@@@S@@@S@@@S@@@S@@@S@@@S@@@S@@@S@@@S@@@S@@@S.....@@@
@@@.....SSS.SSS.SSS.SSS.SSS.SSS.SSS.SSS.SSS.SSS.SSS.SSS.SSS.SSS.SSS.SSS.SSS.SSS.SSS.SSS.SSS.SSS.SSS.SSS.SSS.SSS.SSS.SSS.SSS.SSS.SSS.SSS.SSS.SSS.SSS.SSS.SSS.SSS.SSS.SSS.SSS.SSS.SSS.SSS.SSS.SSS.SSS.SSS.SSS.SSS.SSS.SSS.SSS.SSS.SSS.SSS.SSS.SSS.SSS.SSS.SSS.SSS.SSS.SSS.SSS.SSS.SSS.SSS.SSS.SSS.SSS.SSS.SSS.SSS.SSS.SSS.SSS.SSS.SSS.SSS.SSS.SSS.SSS.SSS.SSS.SSS.SSS.SSS.SSS.SSS.SSS.SSS.SSS.SSS.SSS.SSS.SSS.SSS.SSS.SSS.SSS.SSS.SSS.SSS.SSS.SSS.SSS.SSS.SSS.SSS.SSS.SSS.SSS.SSS.SSS.SSS.SSS.SSS.SSS.SSS.SSS......@@@
@@@....S@@@S@@@S@@@S@@@S@@@S@@@S@@@S@@@S@@@S@@@S@@@S@@@S@@@S@@@S@@@S@@@S@@@S@@@S@@@S@@@S@@@S@@@S@@@S@@@S@@@S@@@S@@@S@@@S@@@S@@@S@@@S@@@S@@@S@@@S@@@S@@@S@@@S@@@S@@@S@@@S@@@S@@@S@@@S@@@S@@@S@@@S@@@S@@@S@@@S@@@S@@@S@@@S@@@S@@@S@@@S@@@S@@@S@@@S@@@S@@@S@@@S@@@S@@@S@@@S@@@S@@@S@@@S@@@S@@@S@@@S@@@S@@@S@@@S@@@S@@@S@@@S@@@S@@@S@@@S@@@S@@@S@@@S@@@S@@@S@@@S@@@S@@@S@@@S@@@S@@@S@@@S@@@S@@@S@@@S@@@S@@@S@@@S@@@S@@@S@@@S@@@S@@@S@@@S@@@S@@@S@@@S@@@S@@@S@@@S@@@S@@@S@@@S@@@S@@@S@@@S@@@S@@@S@@@S@@@S@@@S@@@S......E.
.E.....S@@@S@@@S@@@S@@@S@@@S@@@S@@@S@@@S@@@S@@@S@@@S@@@S@@@S@@@S@@@S@@@S@@@S@@@S@@@S@@@S@@@S@@@S@@@S@@@S@@@S@@@S@@@S@@@S@@@S@@@S@@@S@@@S@@@S@@@S@@@S@@@S@@@S@@@S@@@S@@@S@@@S@@@S@@@S@@@S@@@S@@@S@@@S@@@S@@@S@@@S@@@S@@@S@@@S@@@S@@@S@@@S@@@S@@@S@@@S@@@S@@@S@@@S@@@S@@@S@@@S@@@S@@@S@@@S@@@S@@@S@@@S@@@S@@@S@@@S@@@S@@@S@@@S@@@S@@@S@@@S@@@S@@@S@@@S@@@S@@@S@@@S@@@S@@@S@@@S@@@S@@@S@@@S@@@S@@@S@@@S@@@S@@@S@@@S@@@S@@@S@@@S@@@S@@@S@@@S@@@S@@@S@@@S@@@S@@@S@@@S@@@S@@@S@@@S@@@S@@@S@@@S@@@S@@@S@@@S@@@S@@@S........
........SSS.SSS.SSS.SSS.SSS.SSS.SSS.SSS.SSS.SSS.SSS.SSS.SSS.SSS.SSS.SSS.SSS.SSS.SSS.SSS.SSS.SSS.SSS.SSS.SSS.SSS.SSS.SSS.SSS.SSS.SSS.SSS.SSS.SSS.SSS.SSS.SSS.SSS.SSS.SSS.SSS.SSS.SSS.SSS.SSS.SSS.SSS.SSS.SSS.SSS.SSS.SSS.SSS.SSS.SSS.SSS.SSS.SSS.SSS.SSS.SSS.SSS.SSS.SSS.SSS.SSS.SSS.SSS.SSS.SSS.SSS.SSS.SSS.SSS.SSS.SSS.SSS.SSS.SSS.SSS.SSS.SSS.SSS.SSS.SSS.SSS.SSS.SSS.SSS.SSS.SSS.SSS.SSS.SSS.SSS.SSS.SSS.SSS.SSS.SSS.SSS.SSS.SSS.SSS.SSS.SSS.SSS.SSS.SSS.SSS.SSS.SSS.SSS.SSS.SSS.SSS.SSS.SSS.SSS.SSS.SSS.........
.......S@@@S@@@S@@@S@@@S@@@S@@@S@@@S@@@S@@@S@@@S@@@S@@@S@@@S@@@S@@@S@@@S@@@S@@@S@@@S@@@S@@@S@@@S@@@S@@@S@@@S@@@S@@@S@@@S@@@S@@@S@@@S@@@S@@@S@@@S@@@S@@@S@@@S@@@S@@@S@@@S@@@S@@@S@@@S@@@S@@@S@@@S@@@S@@@S@@@S@@@S@@@S@@@S@@@S@@@S@@@S@@@S@@@S@@@S@@@S@@@S@@@S@@@S@@@S@@@S@@@S@@@S@@@S@@@S@@@S@@@S@@@S@@@S@@@S@@@S@@@S@@@S@@@S@@@S@@@S@@@S@@@S@@@S@@@S@@@S@@@S@@@S@@@S@@@S@@@S@@@S@@@S@@@S@@@S@@@S@@@S@@@S@@@S@@@S@@@S@@@S@@@S@@@S@@@S@@@S@@@S@@@S@@@S@@@S@@@S@@@S@@@S@@@S@@@S@@@S@@@S@@@S@@@S@@@S@@@S@@@S@@@S......E.
.E.....S@@@S@@@S@@@S@@@S@@@S@@@S@@@S@@@S@@@S@@@S@@@S@@@S@@@S@@@S@@@S@@@S@@@S@@@S@@@S@@@S@@@S@@@S@@@S@@@S@@@S@@@S@@@S@@@S@@@S@@@S@@@S@@@S@@@S@@@S@@@S@@@S@@@S@@@S@@@S@@@S@@@S@@@S@@@S@@@S@@@S@@@S@@@S@@@S@@@S@@@S@@@S@@@S@@@S@@@S@@@S@@@S@@@S@@@S@@@S@@@S@@@S@@@S@@@S@@@S@@@S@@@S@@@S@@@S@@@S@@@S@@@S@@@S@@@S@@@S@@@S@@@S@@@S@@@S@@@S@@@S@@@S@@@S@@@S@@@S@@@S@@@S@@@S@@@S@@@S@@@S@@@S@@@S@@@S@@@S@@@S@@@S@@@S@@@S@@@S@@@S@@@S@@@S@@@S@@@S@@@S@@@S@@@S@@@S@@@S@@@S@@@S@@@S@@@S@@@S@@@S@@@S@@@S@@@S@@@S@@@S@@@S.....@@@
@@@.....SSS.SSS.SSS.SSS.SSS.SSS.SSS.SSS.SSS.SSS.SSS.SSS.SSS.SSS.SSS.SSS.SSS.SSS.SSS.SSS.SSS.SSS.SSS.SSS.SSS.SSS.SSS.SSS.SSS.SSS.SSS.SSS.SSS.SSS.SSS.SSS.SSS.SSS.SSS.SSS.SSS.SSS.SSS.SSS.SSS.SSS.SSS.SSS.SSS.SSS.SSS.SSS.SSS.SSS.SSS.SSS.SSS.SSS.SSS.SSS.SSS.SSS.SSS.SSS.SSS.SSS.SSS.SSS.SSS.SSS.SSS.SSS.SSS.SSS.SSS.SSS.SSS.SSS.SSS.SSS.SSS.SSS.SSS.SSS.SSS.SSS.SSS.SSS.SSS.SSS.SSS.SSS.SSS.SSS.SSS.SSS.SSS.SSS.SSS.SSS.SSS.SSS.SSS.SSS.SSS.SSS.SSS.SSS.SSS.SSS.SSS.SSS.SSS.SSS.SSS.SSS.SSS.SSS.SSS.SSS.SSS......@@@
@@@....S@@@S@@@S@@@S@@@S@@@S@@@S@@@S@@@S@@@S@@@S@@@S@@@S@@@S@@@S@@@S@@@S@@@S@@@S@@@S@@@S@@@S@@@S@@@S@@@S@@@S@@@S@@@S@@@S@@@S@@@S@@@S@@@S@@@S@@@S@@@S@@@S@@@S@@@S@@@S@@@S@@@S@@@S@@@S@@@S@@@S@@@S@@@S@@@S@@@S@@@S@@@S@@@S@@@S@@@S@@@S@@@S@@@S@@@S@@@S@@@S@@@S@@@S@@@S@@@S@@@S@@@S@@@S@@@S@@@S@@@S@@@S@@@S@@@S@@@S@@@S@@@S@@@S@@@S@@@S@@@S@@@S@@@S@@@S@@@S@@@S@@@S@@@S@@@S@@@S@@@S@@@S@@@S@@@S@@@S@@@S@@@S@@@S@@@S@@@S@@@S@@@S@@@S@@@S@@@S@@@S@@@S@@@S@@@S@@@S@@@S@@@S@@@S@@@S@@@S@@@S@@@S@@@S@@@S@@@S@@@S@@@S.....@@@
@@@....S@@@S@@@S@@@S@@@S@@@S@@@S@@@S@@@S@@@S@@@S@@@S@@@S@@@S@@@S@@@S@@@S@@@S@@@S@@@S@@@S@@@S@@@S@@@S@@@S@@@S@@@S@@@S@@@S@@@S@@@S@@@S@@@S@@@S@@@S@@@S@@@S@@@S@@@S@@@S@@@S@@@S@@@S@@@S@@@S@@@S@@@S@@@S@@@S@@@S@@@S@@@S@@@S@@@S@@@S@@@S@@@S@@@S@@@S@@@S@@@S@@@S@@@S@@@S@@@S@@@S@@@S@@@S@@@S@@@S@@@S@@@S@@@S@@@S@@@S@@@S@@@S@@@S@@@S@@@S@@@S@@@S@@@S@@@S@@@S@@@S@@@S@@@S@@@S@@@S@@@S@@@S@@@S@@@S@@@S@@@S@@@S@@@S@@@S@@@S@@@S@@@S@@@S@@@S@@@S@@@S@@@S@@@S@@@S@@@S@@@S@@@S@@@S@@@S@@@S@@@S@@@S@@@S@@@S@@@S@@@S@@@S......E.
.E......SSS.SSS.SSS.SSS.SSS.SSS.SSS.SSS.SSS.SSS.SSS.SSS.SSS.SSS.SSS.SSS.SSS.SSS.SSS.SSS.SSS.SSS.SSS.SSS.SSS.SSS.SSS.SSS.SSS.SSS.SSS.SSS.SSS.SSS.SSS.SSS.SSS.SSS.SSS.SSS.SSS.SSS.SSS.SSS.SSS.SSS.SSS.SSS.SSS.SSS.SSS.SSS.SSS.SSS.SSS.SSS.SSS.SSS.SSS.SSS.SSS.SSS.SSS.SSS.SSS.SSS.SSS.SSS.SSS.SSS.SSS.SSS.SSS.SSS.SSS.SSS.SSS.SSS.SSS.SSS.SSS.SSS.SSS.SSS.SSS.SSS.SSS.SSS.SSS.SSS.SSS.SSS.SSS.SSS.SSS.SSS.SSS.SSS.SSS.SSS.SSS.SSS.SSS.SSS.SSS.SSS.SSS.SSS.SSS.SSS.SSS.SSS.SSS.SSS.SSS.SSS.SSS.SSS.SSS.SSS.SSS.........
.......S@@@S@@@S@@@S@@@S@@@S@@@S@@@S@@@S@@@S@@@S@@@S@@@S@@@S@@@S@@@S@@@S@@@S@@@S@@@S@@@S@@@S@@@S@@@S@@@S@@@S@@@S@@@S@@@S@@@S@@@S@@@S@@@S@@@S@@@S@@@S@@@S@@@S@@@S@@@S@@@S@@@S@@@S@@@S@@@S@@@S@@@S@@@S@@@S@@@S@@@S@@@S@@@S@@@S@@@S@@@S@@@S@@@S@@@S@@@S@@@S@@@S@@@S@@@S@@@S@@@S@@@S@@@S@@@S@@@S@@@S@@@S@@@S@@@S@@@S@@@S@@@S@@@S@@@S@@@S@@@S@@@S@@@S@@@S@@@S@@@S@@@S@@@S@@@S@@@S@@@S@@@S@@@S@@@S@@@S@@@S@@@S@@@S@@@S@@@S@@@S@@@S@@@S@@@S@@@S@@@S@@@S@@@S@@@S@@@S@@@S@@@S@@@S@@@S@@@S@@@S@@@S@@@S@@@S@@@S@@@S@@@S........
.......S@@@S@@@S@@@S@@@S@@@S@@@S@@@S@@@S@@@S@@@S@@@S@@@S@@@S@@@S@@@S@@@S@@@S@@@S@@@S@@@S@@@S@@@S@@@S@@@S@@@S@@@S@@@S@@@S@@@S@@@S@@@S@@@S@@@S@@@S@@@S@@@S@@@S@@@S@@@S@@@S@@@S@@@S@@@S@@@S@@@S@@@S@@@S@@@S@@@S@@@S@@@S@@@S@@@S@@@S@@@S@@@S@@@S@@@S@@@S@@@S@@@S@@@S@@@S@@@S@@@S@@@S@@@S@@@S@@@S@@@S@@@S@@@S@@@S@@@S@@@S@@@S@@@S@@@S@@@S@@@S@@@S@@@S@@@S@@@S@@@S@@@S@@@S@@@S@@@S@@@S@@@S@@@S@@@S@@@S@@@S@@@S@@@S@@@S@@@S@@@S@@@S@@@S@@@S@@@S@@@S@@@S@@@S@@@S@@@S@@@S@@@S@@@S@@@S@@@S@@@S@@@S@@@S@@@S@@@S@@@S@@@S......E.
.E......SSS.SSS.SSS.SSS.SSS.SSS.SSS.SSS.SSS.SSS.SSS.SSS.SSS.SSS.SSS.SSS.SSS.SSS.SSS.SSS.SSS.SSS.SSS.SSS.SSS.SSS.SSS.SSS.SSS.SSS.SSS.SSS.SSS.SSS.SSS.SSS.SSS.SSS.SSS.SSS.SSS.SSS.SSS.SSS.SSS.SSS.SSS.SSS.SSS.SSS.SSS.SSS.SSS.SSS.SSS.SSS.SSS.SSS.SSS.SSS.SSS.SSS.SSS.SSS.SSS.SSS.SSS.SSS.SSS.SSS.SSS.SSS.SSS.SSS.SSS.SSS.SSS.SSS.SSS.SSS.SSS.SSS.SSS.SSS.SSS.SSS.SSS.SSS.SSS.SSS.SSS.SSS.SSS.SSS.SSS.SSS.SSS.SSS.SSS.SSS.SSS.SSS.SSS.SSS.SSS.SSS.SSS.SSS.SSS.SSS.SSS.SSS.SSS.SSS.SSS.SSS.SSS.SSS.SSS.SSS.SSS......@@@
@@@....S@@@S@@@S@@@S@@@S@@@S@@@S@@@S@@@S@@@S@@@S@@@S@@@S@@@S@@@S@@@S@@@S@@@S@@@S@@@S@@@S@@@S@@@S@@@S@@@S@@@S@@@S@@@S@@@S@@@S@@@S@@@S@@@S@@@S@@@S@@@S@@@S@@@S@@@S@@@S@@@S@@@S@@@S@@@S@@@S@@@S@@@S@@@S@@@S@@@S@@@S@@@S@@@S@@@S@@@S@@@S@@@S@@@S@@@S@@@S@@@S@@@S@@@S@@@S@@@S@@@S@@@S@@@S@@@S@@@S@@@S@@@S@@@S@@@S@@@S@@@S@@@S@@@S@@@S@@@S@@@S@@@S@@@S@@@S@@@S@@@S@@@S@@@S@@@S@@@S@@@S@@@S@@@S@@@S@@@S@@@S@@@S@@@S@@@S@@@S@@@S@@@S@@@S@@@S@@@S@@@S@@@S@@@S@@@S@@@S@@@S@@@S@@@S@@@S@@@S@@@S@@@S@@@S@@@S@@@S@@@S@@@S.....@@@
@@@....S@@@S@@@S@@@S@@@S@@@S@@@S@@@S@@@S@@@S@@@S@@@S@@@S@@@S@@@S@@@S@@@S@@@S@@@S@@@S@@@S@@@S@@@S@@@S@@@S@@@S@@@S@@@S@@@S@@@S@@@S@@@S@@@S@@@S@@@S@@@S@@@S@@@S@@@S@@@S@@@S@@@S@@@S@@@S@@@S@@@S@@@S@@@S@@@S@@@S@@@S@@@S@@@S@@@S@@@S@@@S@@@S@@@S@@@S@@@S@@@S@@@S@@@S@@@S@@@S@@@S@@@S@@@S@@@S@@@S@@@S@@@S@@@S@@@S@@@S@@@S@@@S@@@S@@@S@@@S@@@S@@@S@@@S@@@S@@@S@@@S@@@S@@@S@@@S@@@S@@@S@@@S@@@S@@@S@@@S@@@S@@@S@@@S@@@S@@@S@@@S@@@S@@@S@@@S@@@S@@@S@@@S@@@S@@@S@@@S@@@S@@@S@@@S@@@S@@@S@@@S@@@S@@@S@@@S@@@S@@@S@@@S.....@@@
@@@.....SSS.SSS.SSS.SSS.SSS.SSS.SSS.SSS.SSS.SSS.SSS.SSS.SSS.SSS.SSS.SSS.SSS.SSS.SSS.SSS.SSS.SSS.SSS.SSS.SSS.SSS.SSS.SSS.SSS.SSS.SSS.SSS.SSS.SSS.SSS.SSS.SSS.SSS.SSS.SSS.SSS.SSS.SSS.SSS.SSS.SSS.SSS.SSS.SSS.SSS.SSS.SSS.SSS.SSS.SSS.SSS.SSS.SSS.SSS.SSS.SSS.SSS.SSS.SSS.SSS.SSS.SSS.SSS.SSS.SSS.SSS.SSS.SSS.SSS.SSS.SSS.SSS.SSS.SSS.SSS.SSS.SSS.SSS.SSS.SSS.SSS.SSS.SSS.SSS.SSS.SSS.SSS.SSS.SSS.SSS.SSS.SSS.SSS.SSS.SSS.SSS.SSS.SSS.SSS.SSS.SSS.SSS.SSS.SSS.SSS.SSS.SSS.SSS.SSS.SSS.SSS.SSS.SSS.SSS.SSS.SSS.......E.
.E.....S@@@S@@@S@@@S@@@S@@@S@@@S@@@S@@@S@@@S@@@S@@@S@@@S@@@S@@@S@@@S@@@S@@@S@@@S@@@S@@@S@@@S@@@S@@@S@@@S@@@S@@@S@@@S@@@S@@@S@@@S@@@S@@@S@@@S@@@S@@@S@@@S@@@S@@@S@@@S@@@S@@@S@@@S@@@S@@@S@@@S@@@S@@@S@@@S@@@S@@@S@@@S@@@S@@@S@@@S@@@S@@@S@@@S@@@S@@@S@@@S@@@S@@@S@@@S@@@S@@@S@@@S@@@S@@@S@@@S@@@S@@@S@@@S@@@S@@@S@@@S@@@S@@@S@@@S@@@S@@@S@@@S@@@S@@@S@@@S@@@S@@@S@@@S@@@S@@@S@@@S@@@S@@@S@@@S@@@S@@@S@@@S@@@S@@@S@@@S@@@S@@@S@@@S@@@S@@@S@@@S@@@S@@@S@@@S@@@S@@@S@@@S@@@S@@@S@@@S@@@S@@@S@@@S@@@S@@@S@@@S@@@S........
.......S@@@S@@@S@@@S@@@S@@@S@@@S@@@S@@@S@@@S@@@S@@@S@@@S@@@S@@@S@@@S@@@S@@@S@@@S@@@S@@@S@@@S@@@S@@@S@@@S@@@S@@@S@@@S@@@S@@@S@@@S@@@S@@@S@@@S@@@S@@@S@@@S@@@S@@@S@@@S@@@S@@@S@@@S@@@S@@@S@@@S@@@S@@@S@@@S@@@S@@@S@@@S@@@S@@@S@@@S@@@S@@@S@@@S@@@S@@@S@@@S@@@S@@@S@@@S@@@S@@@S@@@S@@@S@@@S@@@S@@@S@@@S@@@S@@@S@@@S@@@S@@@S@@@S@@@S@@@S@@@S@@@S@@@S@@@S@@@S@@@S@@@S@@@S@@@S@@@S@@@S@@@S@@@S@@@S@@@S@@@S@@@S@@@S@@@S@@@S@@@S@@@S@@@S@@@S@@@S@@@S@@@S@@@S@@@S@@@S@@@S@@@S@@@S@@@S@@@S@@@S@@@S@@@S@@@S@@@S@@@S@@@S........
........SSS.SSS.SSS.SSS.SSS.SSS.SSS.SSS.SSS.SSS.SSS.SSS.SSS.SSS.SSS.SSS.SSS.SSS.SSS.SSS.SSS.SSS.SSS.SSS.SSS.SSS.SSS.SSS.SSS.SSS.SSS.SSS.SSS.SSS.SSS.SSS.SSS.SSS.SSS.SSS.SSS.SSS.SSS.SSS.SSS.SSS.SSS.SSS.SSS.SSS.SSS.SSS.SSS.SSS.SSS.SSS.SSS.SSS.SSS.SSS.SSS.SSS.SSS.SSS.SSS.SSS.SSS.SSS.SSS.SSS.SSS.SSS.SSS.SSS.SSS.SSS.SSS.SSS.SSS.SSS.SSS.SSS.SSS.SSS.SSS.SSS.SSS.SSS.SSS.SSS.SSS.SSS.SSS.SSS.SSS.SSS.SSS.SSS.SSS.SSS.SSS.SSS.SSS.SSS.SSS.SSS.SSS.SSS.SSS.SSS.SSS.SSS.SSS.SSS.SSS.SSS.SSS.SSS.SSS.SSS.SSS.......E.
.E.....S@@@S@@@S@@@S@@@S@@@S@@@S@@@S@@@S@@@S@@@S@@@S@@@S@@@S@@@S@@@S@@@S@@@S@@@S@@@S@@@S@@@S@@@S@@@S@@@S@@@S@@@S@@@S@@@S@@@S@@@S@@@S@@@S@@@S@@@S@@@S@@@S@@@S@@@S@@@S@@@S@@@S@@@S@@@S@@@S@@@S@@@S@@@S@@@S@@@S@@@S@@@S@@@S@@@S@@@S@@@S@@@S@@@S@@@S@@@S@@@S@@@S@@@S@@@S@@@S@@@S@@@S@@@S@@@S@@@S@@@S@@@S@@@S@@@S@@@S@@@S@@@S@@@S@@@S@@@S@@@S@@@S@@@S@@@S@@@S@@@S@@@S@@@S@@@S@@@S@@@S@@@S@@@S@@@S@@@S@@@S@@@S@@@S@@@S@@@S@@@S@@@S@@@S@@@S@@@S@@@S@@@S@@@S@@@S@@@S@@@S@@@S@@@S@@@S@@@S@@@S@@@S@@@S@@@S@@@S@@@S@@@S.....@@@
@@@....S@@@S@@@S@@@S@@@S@@@S@@@S@@@S@@@S@@@S@@@S@@@S@@@S@@@S@@@S@@@S@@@S@@@S@@@S@@@S@@@S@@@S@@@S@@@S@@@S@@@S@@@S@@@S@@@S@@@S@@@S@@@S@@@S@@@S@@@S@@@S@@@S@@@S@@@S@@@S@@@S@@@S@@@S@@@S@@@S@@@S@@@S@@@S@@@S@@@S@@@S@@@S@@@S@@@S@@@S@@@S@@@S@@@S@@@S@@@S@@@S@@@S@@@S@@@S@@@S@@@S@@@S@@@S@@@S@@@S@@@S@@@S@@@S@@@S@@@S@@@S@@@S@@@S@@@S@@@S@@@S@@@S@@@S@@@S@@@S@@@S@@@S@@@S@@@S@@@S@@@S@@@S@@@S@@@S@@@S@@@S@@@S@@@S@@@S@@@S@@@S@@@S@@@S@@@S@@@S@@@S@@@S@@@S@@@S@@@S@@@S@@@S@@@S@@@S@@@S@@@S@@@S@@@S@@@S@@@S@@@S@@@S.....@@@
@@@.....SSS.SSS.SSS.SSS.SSS.SSS.SSS.SSS.SSS.SSS.SSS.SSS.SSS.SSS.SSS.SSS.SSS.SSS.SSS.SSS.SSS.SSS.SSS.SSS.SSS.SSS.SSS.SSS.SSS.SSS.SSS.SSS.SSS.SSS.SSS.SSS.SSS.SSS.SSS.SSS.SSS.SSS.SSS.SSS.SSS.SSS.SSS.SSS.SSS.SSS.SSS.SSS.SSS.SSS.SSS.SSS.SSS.SSS.SSS.SSS.SSS.SSS.SSS.SSS.SSS.SSS.SSS.SSS.SSS.SSS.SSS.SSS.SSS.SSS.SSS.SSS.SSS.SSS.SSS.SSS.SSS.SSS.SSS.SSS.SSS.SSS.SSS.SSS.SSS.SSS.SSS.SSS.SSS.SSS.SSS.SSS.SSS.SSS.SSS.SSS.SSS.SSS.SSS.SSS.SSS.SSS.SSS.SSS.SSS.SSS.SSS.SSS.SSS.SSS.SSS.SSS.SSS.SSS.SSS.SSS.SSS......@@@
@@@....S@@@S@@@S@@@S@@@S@@@S@@@S@@@S@@@S@@@S@@@S@@@S@@@S@@@S@@@S@@@S@@@S@@@S@@@S@@@S@@@S@@@S@@@S@@@S@@@S@@@S@@@S@@@S@@@S@@@S@@@S@@@S@@@S@@@S@@@S@@@S@@@S@@@S@@@S@@@S@@@S@@@S@@@S@@@S@@@S@@@S@@@S@@@S@@@S@@@S@@@S@@@S@@@S@@@S@@@S@@@S@@@S@@@S@@@S@@@S@@@S@@@S@@@S@@@S@@@S@@@S@@@S@@@S@@@S@@@S@@@S@@@S@@@S@@@S@@@S@@@S@@@S@@@S@@@S@@@S@@@S@@@S@@@S@@@S@@@S@@@S@@@S@@@S@@@S@@@S@@@S@@@S@@@S@@@S@@@S@@@S@@@S@@@S@@@S@@@S@@@S@@@S@@@S@@@S@@@S@@@S@@@S@@@S@@@S@@@S@@@S@@@S@@@S@@@S@@@S@@@S@@@S@@@S@@@S@@@S@@@S@@@S......E.
.E.....S@@@S@@@S@@@S@@@S@@@S@@@S@@@S@@@S@@@S@@@S@@@S@@@S@@@S@@@S@@@S@@@S@@@S@@@S@@@S@@@S@@@S@@@S@@@S@@@S@@@S@@@S@@@S@@@S@@@S@@@S@@@S@@@S@@@S@@@S@@@S@@@S@@@S@@@S@@@S@@@S@@@S@@@S@@@S@@@S@@@S@@@S@@@S@@@S@@@S@@@S@@@S@@@S@@@S@@@S@@@S@@@S@@@S@@@S@@@S@@@S@@@S@@@S@@@S@@@S@@@S@@@S@@@S@@@S@@@S@@@S@@@S@@@S@@@S@@@S@@@S@@@S@@@S@@@S@@@S@@@S@@@S@@@S@@@S@@@S@@@S@@@S@@@S@@@S@@@S@@@S@@@S@@@S@@@S@@@S@@@S@@@S@@@S@@@S@@@S@@@S@@@S@@@S@@@S@@@S@@@S@@@S@@@S@@@S@@@S@@@S@@@S@@@S@@@S@@@S@@@S@@@S@@@S@@@S@@@S@@@S@@@S........
........SSS.SSS.SSS.SSS.SSS.SSS.SSS.SSS.SSS.SSS.SSS.SSS.SSS.SSS.SSS.SSS.SSS.SSS.SSS.SSS.SSS.SSS.SSS.SSS.SSS.SSS.SSS.SSS.SSS.SSS.SSS.SSS.SSS.SSS.SSS.SSS.SSS.SSS.SSS.SSS.SSS.SSS.SSS.SSS.SSS.SSS.SSS.SSS.SSS.SSS.SSS.SSS.SSS.SSS.SSS.SSS.SSS.SSS.SSS.SSS.SSS.SSS.SSS.SSS.SSS.SSS.SSS.SSS.SSS.SSS.SSS.SSS.SSS.SSS.SSS.SSS.SSS.SSS.SSS.SSS.SSS.SSS.SSS.SSS.SSS.SSS.SSS.SSS.SSS.SSS.SSS.SSS.SSS.SSS.SSS.SSS.SSS.SSS.SSS.SSS.SSS.SSS.SSS.SSS.SSS.SSS.SSS.SSS.SSS.SSS.SSS.SSS.SSS.SSS.SSS.SSS.SSS.SSS.SSS.SSS.SSS.........
.......S@@@S@@@S@@@S@@@S@@@S@@@S@@@S@@@S@@@S@@@S@@@S@@@S@@@S@@@S@@@S@@@S@@@S@@@S@@@S@@@S@@@S@@@S@@@S@@@S@@@S@@@S@@@S@@@S@@@S@@@S@@@S@@@S@@@S@@@S@@@S@@@S@@@S@@@S@@@S@@@S@@@S@@@S@@@S@@@S@@@S@@@S@@@S@@@S@@@S@@@S@@@S@@@S@@@S@@@S@@@S@@@S@@@S@@@S@@@S@@@S@@@S@@@S@@@S@@@S@@@S@@@S@@@S@@@S@@@S@@@S@@@S@@@S@@@S@@@S@@@S@@@S@@@S@@@S@@@S@@@S@@@S@@@S@@@S@@@S@@@S@@@S@@@S@@@S@@@S@@@S@@@S@@@S@@@S@@@S@@@S@@@S@@@S@@@S@@@S@@@S@@@S@@@S@@@S@@@S@@@S@@@S@@@S@@@S@@@S@@@S@@@S@@@S@@@S@@@S@@@S@@@S@@@S@@@S@@@S@@@S@@@S......E.
.E.....S@@@S@@@S@@@S@@@S@@@S@@@S@@@S@@@S@@@S@@@S@@@S@@@S@@@S@@@S@@@S@@@S@@@S@@@S@@@S@@@S@@@S@@@S@@@S@@@S@@@S@@@S@@@S@@@S@@@S@@@S@@@S@@@S@@@S@@@S@@@S@@@S@@@S@@@S@@@S@@@S@@@S@@@S@@@S@@@S@@@S@@@S@@@S@@@S@@@S@@@S@@@S@@@S@@@S@@@S@@@S@@@S@@@S@@@S@@@S@@@S@@@S@@@S@@@S@@@S@@@S@@@S@@@S@@@S@@@S@@@S@@@S@@@S@@@S@@@S@@@S@@@S@@@S@@@S@@@S@@@S@@@S@@@S@@@S@@@S@@@S@@@S@@@S@@@S@@@S@@@S@@@S@@@S@@@S@@@S@@@S@@@S@@@S@@@S@@@S@@@S@@@S@@@S@@@S@@@S@@@S@@@S@@@S@@@S@@@S@@@S@@@S@@@S@@@S@@@S@@@S@@@S@@@S@@@S@@@S@@@S@@@S.....@@@
@@@.....SSS.SSS.SSS.SSS.SSS.SSS.SSS.SSS.SSS.SSS.SSS.SSS.SSS.SSS.SSS.SSS.SSS.SSS.SSS.SSS.SSS.SSS.SSS.SSS.SSS.SSS.SSS.SSS.SSS.SSS.SSS.SSS.SSS.SSS.SSS.SSS.SSS.SSS.SSS.SSS.SSS.SSS.SSS.SSS.SSS.SSS.SSS.SSS.SSS.SSS.SSS.SSS.SSS.SSS.SSS.SSS.SSS.SSS.SSS.SSS.SSS.SSS.SSS.SSS.SSS.SSS.SSS.SSS.SSS.SSS.SSS.SSS.SSS.SSS.SSS.SSS.SSS.SSS.SSS.SSS.SSS.SSS.SSS.SSS.SSS.SSS.SSS.SSS.SSS.SSS.SSS.SSS.SSS.SSS.SSS.SSS.SSS.SSS.SSS.SSS.SSS.SSS.SSS.SSS.SSS.SSS.SSS.SSS.SSS.SSS.SSS.SSS.SSS.SSS.SSS.SSS.SSS.SSS.SSS.SSS.SSS......@@@
@@@....S@@@S@@@S@@@S@@@S@@@S@@@S@@@S@@@S@@@S@@@S@@@S@@@S@@@S@@@S@@@S@@@S@@@S@@@S@@@S@@@S@@@S@@@S@@@S@@@S@@@S@@@S@@@S@@@S@@@S@@@S@@@S@@@S@@@S@@@S@@@S@@@S@@@S@@@S@@@S@@@S@@@S@@@S@@@S@@@S@@@S@@@S@@@S@@@S@@@S@@@S@@@S@@@S@@@S@@@S@@@S@@@S@@@S@@@S@@@S@@@S@@@S@@@S@@@S@@@S@@@S@@@S@@@S@@@S@@@S@@@S@@@S@@@S@@@S@@@S@@@S@@@S@@@S@@@S@@@S@@@S@@@S@@@S@@@S@@@S@@@S@@@S@@@S@@@S@@@S@@@S@@@S@@@S@@@S@@@S@@@S@@@S@@@S@@@S@@@S@@@S@@@S@@@S@@@S@@@S@@@S@@@S@@@S@@@S@@@S@@@S@@@S@@@S@@@S@@@S@@@S@@@S@@@S@@@S@@@S@@@S@@@S.....@@@
@@@....S@@@S@@@S@@@S@@@S@@@S@@@S@@@S@@@S@@@S@@@S@@@S@@@S@@@S@@@S@@@S@@@S@@@S@@@S@@@S@@@S@@@S@@@S@@@S@@@S@@@S@@@S@@@S@@@S@@@S@@@S@@@S@@@S@@@S@@@S@@@S@@@S@@@S@@@S@@@S@@@S@@@S@@@S@@@S@@@S@@@S@@@S@@@S@@@S@@@S@@@S@@@S@@@S@@@S@@@S@@@S@@@S@@@S@@@S@@@S@@@S@@@S@@@S@@@S@@@S@@@S@@@S@@@S@@@S@@@S@@@S@@@S@@@S@@@S@@@S@@@S@@@S@@@S@@@S@@@S@@@S@@@S@@@S@@@S@@@S@@@S@@@S@@@S@@@S@@@S@@@S@@@S@@@S@@@S@@@S@@@S@@@S@@@S@@@S@@@S@@@S@@@S@@@S@@@S@@@S@@@S@@@S@@@S@@@S@@@S@@@S@@@S@@@S@@@S@@@S@@@S@@@S@@@S@@@S@@@S@@@S@@@S......E.
.E......SSS.SSS.SSS.SSS.SSS.SSS.SSS.SSS.SSS.SSS.SSS.SSS.SSS.SSS.SSS.SSS.SS.SSS.SSS.SSS.SSS.SSS.SSS.SSS.SSS.SSS.SSS.SSS.SSS.SSS.SSS.SSS.SSS.SSS.SSS.SSS.SSS.SSS.SSS.SSS.SSS.SSS.SSS.SSS.SSS.SSS.SSS.SSS.SSS.SSS.SSS.SSS.SSS.SSS.SSS.SSS.SSS.SSS.SSS.SSS.SSS.SSS.SSS.SSS.SSS.SSS.SSS.SSS.SSS.SSS.SSS.SSS.SSS.SSS.SSS.SSS.SSS.SSS.SSS.SSS.SSS.SSS.SSS.SSS.SSS.SSS.SSS.SSS.SSS.SSS.SSS.SSS.SSS.SSS.SSS.SSS.SSS.SSS.SSS.SSS.SSS.SSS.SSS.SSS.SSS.SSS.SSS.SSS.SSS.SSS.SSS.SSS.SSS.SSS.SSS.SSS.SSS.SSS.SSS.SSS.SSS..........
.......S@@@S@@@S@@@S@@@S@@@S@@@S@@@S@@@S@@@S@@@S@@@S@@@S@@@S@@@S@@@S@@@S@@@S@@@S@@@S@@@S@@@S@@@S@@@S@@@S@@@S@@@S@@@S@@@S@@@S@@@S@@@S@@@S@@@S@@@S@@@S@@@S@@@S@@@S@@@S@@@S@@@S@@@S@@@S@@@S@@@S@@@S@@@S@@@S@@@S@@@S@@@S@@@S@@@S@@@S@@@S@@@S@@@S@@@S@@@S@@@S@@@S@@@S@@@S@@@S@@@S@@@S@@@S@@@S@@@S@@@S@@@S@@@S@@@S@@@S@@@S@@@S@@@S@@@S@@@S@@@S@@@S@@@S@@@S@@@S@@@S@@@S@@@S@@@S@@@S@@@S@@@S@@@S@@@S@@@S@@@S@@@S@@@S@@@S@@@S@@@S@@@S@@@S@@@S@@@S@@@S@@@S@@@S@@@S@@@S@@@S@@@S@@@S@@@S@@@S@@@S@@@S@@@S@@@S@@@S@@@S@@@S........
.......S@@@S@@@S@@@S@@@S@@@S@@@S@@@S@@@S@@@S@@@S@@@S@@@S@@@S@@@S@@@S@@@S@@@S@@@S@@@S@@@S@@@S@@@S@@@S@@@S@@@S@@@S@@@S@@@S@@@S@@@S@@@S@@@S@@@S@@@S@@@S@@@S@@@S@@@S@@@S@@@S@@@S@@@S@@@S@@@S@@@S@@@S@@@S@@@S@@@S@@@S@@@S@@@S@@@S@@@S@@@S@@@S@@@S@@@S@@@S@@@S@@@S@@@S@@@S@@@S@@@S@@@S@@@S@@@S@@@S@@@S@@@S@@@S@@@S@@@S@@@S@@@S@@@S@@@S@@@S@@@S@@@S@@@S@@@S@@@S@@@S@@@S@@@S@@@S@@@S@@@S@@@S@@@S@@@S@@@S@@@S@@@S@@@S@@@S@@@S@@@S@@@S@@@S@@@S@@@S@@@S@@@S@@@S@@@S@@@S@@@S@@@S@@@S@@@S@@@S@@@S@@@S@@@S@@@S@@@S@@@S@@@S......E.
.E......SSS.SSS.SSS.SSS.SSS.SSS.SSS.SSS.SSS.SSS.SSS.SSS.SSS.SSS.SSS.SSS.SSS.SSS.SSS.SSS.SSS.SSS.SSS.SSS.SSS.SSS.SSS.SSS.SSS.SSS.SSS.SSS.SSS.SSS.SSS.SSS.SSS.SSS.SSS.SSS.SSS.SSS.SSS.SSS.SSS.SSS.SSS.SSS.SSS.SSS.SSS.SSS.SSS.SSS.SSS.SSS.SSS.SSS.SSS.SSS.SSS.SSS.SSS.SSS.SSS.SSS.SSS.SSS.SSS.SSS.SSS.SSS.SSS.SSS.SSS.SSS.SSS.SSS.SSS.SSS.SSS.SSS.SSS.SSS.SSS.SSS.SSS.SSS.SSS.SSS.SSS.SSS.SSS.SSS.SSS.SSS.SSS.SSS.SSS.SSS.SSS.SSS.SSS.SSS.SSS.SSS.SSS.SSS.SSS.SSS.SSS.SSS.SSS.SSS.SSS.SSS.SSS.SSS.SSS.SSS.SSS......@@@
@@@....S@@@S@@@S@@@S@@@S@@@S@@@S@@@S@@@S@@@S@@@S@@@S@@@S@@@S@@@S@@@S@@@S@@@S@@@S@@@S@@@S@@@S@@@S@@@S@@@S@@@S@@@S@@@S@@@S@@@S@@@S@@@S@@@S@@@S@@@S@@@S@@@S@@@S@@@S@@@S@@@S@@@S@@@S@@@S@@@S@@@S@@@S@@@S@@@S@@@S@@@S@@@S@@@S@@@S@@@S@@@S@@@S@@@S@@@S@@@S@@@S@@@S@@@S@@@S@@@S@@@S@@@S@@@S@@@S@@@S@@@S@@@S@@@S@@@S@@@S@@@S@@@S@@@S@@@S@@@S@@@S@@@S@@@S@@@S@@@S@@@S@@@S@@@S@@@S@@@S@@@S@@@S@@@S@@@S@@@S@@@S@@@S@@@S@@@S@@@S@@@S@@@S@@@S@@@S@@@S@@@S@@@S@@@S@@@S@@@S@@@S@@@S@@@S@@@S@@@S@@@S@@@S@@@S@@@S@@@S@@@S@@@S.....@@@
@@@....S@@@S@@@S@@@S@@@S@@@S@@@S@@@S@@@S@@@S@@@S@@@S@@@S@@@S@@@S@@@S@@@S@@@S@@@S@@@S@@@S@@@S@@@S@@@S@@@S@@@S@@@S@@@S@@@S@@@S@@@S@@@S@@@S@@@S@@@S@@@S@@@S@@@S@@@S@@@S@@@S@@@S@@@S@@@S@@@S@@@S@@@S@@@S@@@S@@@S@@@S@@@S@@@S@@@S@@@S@@@S@@@S@@@S@@@S@@@S@@@S@@@S@@@S@@@S@@@S@@@S@@@S@@@S@@@S@@@S@@@S@@@S@@@S@@@S@@@S@@@S@@@S@@@S@@@S@@@S@@@S@@@S@@@S@@@S@@@S@@@S@@@S@@@S@@@S@@@S@@@S@@@S@@@S@@@S@@@S@@@S@@@S@@@S@@@S@@@S@@@S@@@S@@@S@@@S@@@S@@@S@@@S@@@S@@@S@@@S@@@S@@@S@@@S@@@S@@@S@@@S@@@S@@@S@@@S@@@S@@@S@@@S.....@@@
@@@.....SSS.SSS.SSS.SSS.SSS.SSS.SSS.SSS.SSS.SSS.SSS.SSS.SSS.SSS.SSS.SSS.SSS.SSS.SSS.SSS.SSS.SSS.SSS.SSS.SSS.SSS.SSS.SSS.SSS.SSS.SSS.SSS.SSS.SSS.SSS.SSS.SSS.SSS.SSS.SSS.SSS.SSS.SSS.SSS.SSS.SSS.SSS.SSS.SSS.SSS.SSS.SSS.SSS.SSS.SSS.SSS.SSS.SSS.SSS.SSS.SSS.SSS.SSS.SSS.SSS.SSS.SSS.SSS.SSS.SSS.SSS.SSS.SSS.SSS.SSS.SSS.SSS.SSS.SSS.SSS.SSS.SSS.SSS.SSS.SSS.SSS.SSS.SSS.SSS.SSS.SSS.SSS.SSS.SSS.SSS.SSS.SSS.SSS.SSS.SSS.SSS.SSS.SSS.SSS.SSS.SSS.SSS.SSS.SSS.SSS.SSS.SSS.SSS.SSS.SSS.SSS.SSS.SSS.SSS.SSS.SSS.......E.
.E.....S@@@S@@@S@@@S@@@S@@@S@@@S@@@S@@@S@@@S@@@S@@@S@@@S@@@S@@@S@@@S@@@S@@@S@@@S@@@S@@@S@@@S@@@S@@@S@@@S@@@S@@@S@@@S@@@S@@@S@@@S@@@S@@@S@@@S@@@S@@@S@@@S@@@S@@@S@@@S@@@S@@@S@@@S@@@S@@@S@@@S@@@S@@@S@@@S@@@S@@@S@@@S@@@S@@@S@@@S@@@S@@@S@@@S@@@S@@@S@@@S@@@S@@@S@@@S@@@S@@@S@@@S@@@S@@@S@@@S@@@S@@@S@@@S@@@S@@@S@@@S@@@S@@@S@@@S@@@S@@@S@@@S@@@S@@@S@@@S@@@S@@@S@@@S@@@S@@@S@@@S@@@S@@@S@@@S@@@S@@@S@@@S@@@S@@@S@@@S@@@S@@@S@@@S@@@S@@@S@@@S@@@S@@@S@@@S@@@S@@@S@@@S@@@S@@@S@@@S@@@S@@@S@@@S@@@S@@@S@@@S@@@S........
.......S@@@S@@@S@@@S@@@S@@@S@@@S@@@S@@@S@@@S@@@S@@@S@@@S@@@S@@@S@@@S@@@S@@@S@@@S@@@S@@@S@@@S@@@S@@@S@@@S@@@S@@@S@@@S@@@S@@@S@@@S@@@S@@@S@@@S@@@S@@@S@@@S@@@S@@@S@@@S@@@S@@@S@@@S@@@S@@@S@@@S@@@S@@@S@@@S@@@S@@@S@@@S@@@S@@@S@@@S@@@S@@@S@@@S@@@S@@@S@@@S@@@S@@@S@@@S@@@S@@@S@@@S@@@S@@@S@@@S@@@S@@@S@@@S@@@S@@@S@@@S@@@S@@@S@@@S@@@S@@@S@@@S@@@S@@@S@@@S@@@S@@@S@@@S@@@S@@@S@@@S@@@S@@@S@@@S@@@S@@@S@@@S@@@S@@@S@@@S@@@S@@@S@@@S@@@S@@@S@@@S@@@S@@@S@@@S@@@S@@@S@@@S@@@S@@@S@@@S@@@S@@@S@@@S@@@S@@@S@@@S@@@S........
........SSS.SSS.SSS.SSS.SSS.SSS.SSS.SSS.SSS.SSS.SSS.SSS.SSS.SSS.SSS.SSS.SSS.SSS.SSS.SSS.SSS.SSS.SSS.SSS.SSS.SSS.SSS.SSS.SSS.SSS.SSS.SSS.SSS.SSS.SSS.SSS.SSS.SSS.SSS.SSS.SSS.SSS.SSS.SSS.SSS.SSS.SSS.SSS.SSS.SSS.SSS.SSS.SSS.SSS.SSS.SSS.SSS.SSS.SSS.SSS.SSS.SSS.SSS.SSS.SSS.SSS.SSS.SSS.SSS.SSS.SSS.SSS.SSS.SSS.SSS.SSS.SSS.SSS.SSS.SSS.SSS.SSS.SSS.SSS.SSS.SSS.SSS.SSS.SSS.SSS.SSS.SSS.SSS.SSS.SSS.SSS.SSS.SSS.SSS.SSS.SSS.SSS.SSS.SSS.SSS.SSS.SSS.SSS.SSS.SSS.SSS.SSS.SSS.SSS.SSS.SSS.SSS.SSS.SSS.SSS.SSS.......E.
.................................................................................................................................................................................................................................................................................................................................................................................................................................................................................................................@@@
.................................................................................................................................................................................................................................................................................................................................................................................................................................................................................................................@@@
.................................................................................................................................................................................................................................................................................................................................................................................................................................................................................................................@@@
..................................................................................................................................................................................................................................................................................................................................................................................................................................................................................................................E.
....................................................................................................................................................................................................................................................................................................................................................................................................................................................................................................................
@@@@............................................................................................................................................................................................................................................................................................................................................................................................................................................................................................................@@@@
@@@@..@@@....@@@....@@@....@@@....@@@....@@@....@@@....@@@....@@@....@@@....@@@....@@@....@@@....@@@....@@@....@@@....@@@....@@@....@@@....@@@....@@@....@@@....@@@....@@@....@@@....@@@....@@@....@@@....@@@....@@@....@@@....@@@....@@@....@@@....@@@....@@@....@@@....@@@....@@@....@@@....@@@....@@@....@@@....@@@....@@@....@@@....@@@....@@@....@@@....@@@....@@@....@@@....@@@....@@@....@@@....@@@....@@@....@@@....@@@....@@@....@@@....@@@....@@@....@@@....@@@....@@@....@@@....@@@....@@@....@@@....@@@@
@@@@.E@@@E..E@@@E..E@@@E..E@@@E..E@@@E..E@@@E..E@@@E..E@@@E..E@@@E..E@@@E..E@@@E..E@@@E..E@@@E..E@@@E..E@@@E..E@@@E..E@@@E..E@@@E..E@@@E..E@@@E..E@@@E..E@@@E..E@@@E..E@@@E..E@@@E..E@@@E..E@@@E..E@@@E..E@@@E..E@@@E..E@@@E..E@@@E..E@@@E..E@@@E..E@@@E..E@@@E..E@@@E..E@@@E..E@@@E..E@@@E..E@@@E..E@@@E..E@@@E..E@@@E..E@@@E..E@@@E..E@@@E..E@@@E..E@@@E..E@@@E..E@@@E..E@@@E..E@@@E..E@@@E..E@@@E..E@@@E..E@@@E..E@@@E..E@@@E..E@@@E..E@@@E..E@@@E..E@@@E..E@@@E..E@@@E..E@@@E..E@@@E..E@@@E..E@@@E..E@@@E...@@@@
@@@@..@@@....@@@....@@@....@@@....@@@....@@@....@@@....@@@....@@@....@@@....@@@....@@@....@@@....@@@....@@@....@@@....@@@....@@@....@@@....@@@....@@@....@@@....@@@....@@@....@@@....@@@....@@@....@@@....@@@....@@@....@@@....@@@....@@@....@@@....@@@....@@@....@@@....@@@....@@@....@@@....@@@....@@@....@@@....@@@....@@@....@@@....@@@....@@@....@@@....@@@....@@@....@@@....@@@....@@@....@@@....@@@....@@@....@@@....@@@....@@@....@@@....@@@....@@@....@@@....@@@....@@@....@@@....@@@....@@@....@@@....@@@@
