type octile
height 33
width 57
map
@@@@..@@@....@@@....@@@....@@@....@@@....@@@....@@@..@@@@
@@@@.E@@@E..E@@@E..E@@@E..E@@@E..E@@@E..E@@@E..E@@@E.@@@@
@@@@..@@@....@@@....@@@....@@@....@@@....@@@....@@@..@@@@
@@@@.................................................@@@@
.........................................................
.E.......................................................
@@@......................................................
@@@.....SSS.SSS.SSS.SSS.SSS.SSS.SSS.SSS.SSS.SSS..........
@@@....S@@@S@@@S@@@S@@@S@@@S@@@S@@@S@@@S@@@S@@@S.........
.E.....S@@@S@@@S@@@S@@@S@@@S@@@S@@@S@@@S@@@S@@@S.......E.
........SSS.SSS.SSS.SSS.SSS.SSS.SSS.SSS.SSS.SSS.......@@@
.......S@@@S@@@S@@@S@@@S@@@S@@@S@@@S@@@S@@@S@@@S......@@@
.E.....S@@@S@@@S@@@S@@@S@@@S@@@S@@@S@@@S@@@S@@@S......@@@
@@@.....SSS.SSS.SSS.SSS.SSS.SSS.SSS.SSS.SSS.SSS........E.
@@@....S@@@S@@@S@@@S@@@S@@@S@@@S@@@S@@@S@@@S@@@S.........
@@@....S@@@S@@@S@@@S@@@S@@@S@@@S@@@S@@@S@@@S@@@S.........
.E......SSS.SSS.SSS.SSS.SSS.SSS.SSS.SSS.SSS.SSS........E.
.......S@@@S@@@S@@@S@@@S@@@S@@@S@@@S@@@S@@@S@@@S......@@@
.......S@@@S@@@S@@@S@@@S@@@S@@@S@@@S@@@S@@@S@@@S......@@@
.E......SSS.SSS.SSS.SSS.SSS.SSS.SSS.SSS.SSS.SSS.......@@@
@@@....S@@@S@@@S@@@S@@@S@@@S@@@S@@@S@@@S@@@S@@@S.......E.
@@@....S@@@S@@@S@@@S@@@S@@@S@@@S@@@S@@@S@@@S@@@S.........
@@@.....SSS.SSS.SSS.SSS.SSS.SSS.SSS.SSS.SSS.SSS..........
.E.....S@@@S@@@S@@@S@@@S@@@S@@@S@@@S@@@S@@@S@@@S.......E.
.......S@@@S@@@S@@@S@@@S@@@S@@@S@@@S@@@S@@@S@@@S......@@@
........SSS.SSS.SSS.SSS.SSS.SSS.SSS.SSS.SSS.SSS.......@@@
......................................................@@@
.......................................................E.
.........................................................
@@@@.................................................@@@@
@@@@..@@@....@@@....@@@....@@@....@@@....@@@....@@@..@@@@
@@@@.E@@@E..E@@@E..E@@@E..E@@@E..E@@@E..E@@@E..E@@@E.@@@@
@@@@..@@@....@@@....@@@....@@@....@@@....@@@....@@@..@@@@
